Archive member included to satisfy reference by file (symbol)

/opt/st/stm32cubeide_1.13.0/plugins/com.st.stm32cube.ide.mcu.externaltools.gnu-tools-for-stm32.11.3.rel1.linux64_1.1.0.202305231506/tools/bin/../lib/gcc/arm-none-eabi/11.3.1/../../../../arm-none-eabi/lib/thumb/v7e-m+fp/hard/libc_nano.a(libc_a-exit.o)
                              /opt/st/stm32cubeide_1.13.0/plugins/com.st.stm32cube.ide.mcu.externaltools.gnu-tools-for-stm32.11.3.rel1.linux64_1.1.0.202305231506/tools/bin/../lib/gcc/arm-none-eabi/11.3.1/../../../../arm-none-eabi/lib/thumb/v7e-m+fp/hard/crt0.o (exit)
/opt/st/stm32cubeide_1.13.0/plugins/com.st.stm32cube.ide.mcu.externaltools.gnu-tools-for-stm32.11.3.rel1.linux64_1.1.0.202305231506/tools/bin/../lib/gcc/arm-none-eabi/11.3.1/../../../../arm-none-eabi/lib/thumb/v7e-m+fp/hard/libc_nano.a(libc_a-nano-vfprintf_float.o)
                              (_printf_float)
/opt/st/stm32cubeide_1.13.0/plugins/com.st.stm32cube.ide.mcu.externaltools.gnu-tools-for-stm32.11.3.rel1.linux64_1.1.0.202305231506/tools/bin/../lib/gcc/arm-none-eabi/11.3.1/../../../../arm-none-eabi/lib/thumb/v7e-m+fp/hard/libc_nano.a(libc_a-nano-vfprintf_i.o)
                              /opt/st/stm32cubeide_1.13.0/plugins/com.st.stm32cube.ide.mcu.externaltools.gnu-tools-for-stm32.11.3.rel1.linux64_1.1.0.202305231506/tools/bin/../lib/gcc/arm-none-eabi/11.3.1/../../../../arm-none-eabi/lib/thumb/v7e-m+fp/hard/libc_nano.a(libc_a-nano-vfprintf_float.o) (_printf_common)
/opt/st/stm32cubeide_1.13.0/plugins/com.st.stm32cube.ide.mcu.externaltools.gnu-tools-for-stm32.11.3.rel1.linux64_1.1.0.202305231506/tools/bin/../lib/gcc/arm-none-eabi/11.3.1/../../../../arm-none-eabi/lib/thumb/v7e-m+fp/hard/libc_nano.a(libc_a-nano-vfscanf_float.o)
                              (_scanf_float)
/opt/st/stm32cubeide_1.13.0/plugins/com.st.stm32cube.ide.mcu.externaltools.gnu-tools-for-stm32.11.3.rel1.linux64_1.1.0.202305231506/tools/bin/../lib/gcc/arm-none-eabi/11.3.1/../../../../arm-none-eabi/lib/thumb/v7e-m+fp/hard/libc_nano.a(libc_a-findfp.o)
                              ./Middlewares/Third_Party/FreeRTOS/Source/tasks.o (__sf)
/opt/st/stm32cubeide_1.13.0/plugins/com.st.stm32cube.ide.mcu.externaltools.gnu-tools-for-stm32.11.3.rel1.linux64_1.1.0.202305231506/tools/bin/../lib/gcc/arm-none-eabi/11.3.1/../../../../arm-none-eabi/lib/thumb/v7e-m+fp/hard/libc_nano.a(libc_a-fwalk.o)
                              /opt/st/stm32cubeide_1.13.0/plugins/com.st.stm32cube.ide.mcu.externaltools.gnu-tools-for-stm32.11.3.rel1.linux64_1.1.0.202305231506/tools/bin/../lib/gcc/arm-none-eabi/11.3.1/../../../../arm-none-eabi/lib/thumb/v7e-m+fp/hard/libc_nano.a(libc_a-findfp.o) (_fwalk_sglue)
/opt/st/stm32cubeide_1.13.0/plugins/com.st.stm32cube.ide.mcu.externaltools.gnu-tools-for-stm32.11.3.rel1.linux64_1.1.0.202305231506/tools/bin/../lib/gcc/arm-none-eabi/11.3.1/../../../../arm-none-eabi/lib/thumb/v7e-m+fp/hard/libc_nano.a(libc_a-sprintf.o)
                              /opt/st/stm32cubeide_1.13.0/plugins/com.st.stm32cube.ide.mcu.externaltools.gnu-tools-for-stm32.11.3.rel1.linux64_1.1.0.202305231506/tools/bin/../lib/gcc/arm-none-eabi/11.3.1/../../../../arm-none-eabi/lib/thumb/v7e-m+fp/hard/libc_nano.a(libc_a-nano-vfscanf_float.o) (sprintf)
/opt/st/stm32cubeide_1.13.0/plugins/com.st.stm32cube.ide.mcu.externaltools.gnu-tools-for-stm32.11.3.rel1.linux64_1.1.0.202305231506/tools/bin/../lib/gcc/arm-none-eabi/11.3.1/../../../../arm-none-eabi/lib/thumb/v7e-m+fp/hard/libc_nano.a(libc_a-stdio.o)
                              /opt/st/stm32cubeide_1.13.0/plugins/com.st.stm32cube.ide.mcu.externaltools.gnu-tools-for-stm32.11.3.rel1.linux64_1.1.0.202305231506/tools/bin/../lib/gcc/arm-none-eabi/11.3.1/../../../../arm-none-eabi/lib/thumb/v7e-m+fp/hard/libc_nano.a(libc_a-findfp.o) (__sread)
/opt/st/stm32cubeide_1.13.0/plugins/com.st.stm32cube.ide.mcu.externaltools.gnu-tools-for-stm32.11.3.rel1.linux64_1.1.0.202305231506/tools/bin/../lib/gcc/arm-none-eabi/11.3.1/../../../../arm-none-eabi/lib/thumb/v7e-m+fp/hard/libc_nano.a(libc_a-memset.o)
                              /opt/st/stm32cubeide_1.13.0/plugins/com.st.stm32cube.ide.mcu.externaltools.gnu-tools-for-stm32.11.3.rel1.linux64_1.1.0.202305231506/tools/bin/../lib/gcc/arm-none-eabi/11.3.1/../../../../arm-none-eabi/lib/thumb/v7e-m+fp/hard/crt0.o (memset)
/opt/st/stm32cubeide_1.13.0/plugins/com.st.stm32cube.ide.mcu.externaltools.gnu-tools-for-stm32.11.3.rel1.linux64_1.1.0.202305231506/tools/bin/../lib/gcc/arm-none-eabi/11.3.1/../../../../arm-none-eabi/lib/thumb/v7e-m+fp/hard/libc_nano.a(libc_a-localeconv.o)
                              /opt/st/stm32cubeide_1.13.0/plugins/com.st.stm32cube.ide.mcu.externaltools.gnu-tools-for-stm32.11.3.rel1.linux64_1.1.0.202305231506/tools/bin/../lib/gcc/arm-none-eabi/11.3.1/../../../../arm-none-eabi/lib/thumb/v7e-m+fp/hard/libc_nano.a(libc_a-nano-vfprintf_float.o) (_localeconv_r)
[...]
Memory Configuration

Name             Origin             Length             Attributes
RAM              0x0000000020000000 0x0000000000018000 xrw
FLASH            0x0000000008000000 0x0000000000080000 xr
*default*        0x0000000000000000 0xffffffffffffffff

Linker script and memory map

LOAD /opt/st/stm32cubeide_1.13.0/plugins/com.st.stm32cube.ide.mcu.externaltools.gnu-tools-for-stm32.11.3.rel1.linux64_1.1.0.202305231506/tools/bin/../lib/gcc/arm-none-eabi/11.3.1/thumb/v7e-m+fp/hard/crti.o
LOAD /opt/st/stm32cubeide_1.13.0/plugins/com.st.stm32cube.ide.mcu.externaltools.gnu-tools-for-stm32.11.3.rel1.linux64_1.1.0.202305231506/tools/bin/../lib/gcc/arm-none-eabi/11.3.1/thumb/v7e-m+fp/hard/crtbegin.o
LOAD /opt/st/stm32cubeide_1.13.0/plugins/com.st.stm32cube.ide.mcu.externaltools.gnu-tools-for-stm32.11.3.rel1.linux64_1.1.0.202305231506/tools/bin/../lib/gcc/arm-none-eabi/11.3.1/../../../../arm-none-eabi/lib/thumb/v7e-m+fp/hard/crt0.o
LOAD ./Core/Src/freertos.o
LOAD ./Core/Src/gpio.o
LOAD ./Core/Src/i2c.o
LOAD ./Core/Src/main.o
LOAD ./Core/Src/stm32f4xx_hal_msp.o
LOAD ./Core/Src/stm32f4xx_hal_timebase_tim.o
LOAD ./Core/Src/stm32f4xx_it.o
LOAD ./Core/Src/syscalls.o
LOAD ./Core/Src/sysmem.o
LOAD ./Core/Src/system_stm32f4xx.o
LOAD ./Core/Src/tim.o
LOAD ./Core/Src/usart.o
LOAD ./Core/Startup/startup_stm32f401retx.o
LOAD ./Drivers/STM32F4xx_HAL_Driver/Src/stm32f4xx_hal.o
LOAD ./Drivers/STM32F4xx_HAL_Driver/Src/stm32f4xx_hal_cortex.o
LOAD ./Drivers/STM32F4xx_HAL_Driver/Src/stm32f4xx_hal_dma.o
LOAD ./Drivers/STM32F4xx_HAL_Driver/Src/stm32f4xx_hal_dma_ex.o
LOAD ./Drivers/STM32F4xx_HAL_Driver/Src/stm32f4xx_hal_exti.o
LOAD ./Drivers/STM32F4xx_HAL_Driver/Src/stm32f4xx_hal_flash.o
LOAD ./Drivers/STM32F4xx_HAL_Driver/Src/stm32f4xx_hal_flash_ex.o
LOAD ./Drivers/STM32F4xx_HAL_Driver/Src/stm32f4xx_hal_flash_ramfunc.o
LOAD ./Drivers/STM32F4xx_HAL_Driver/Src/stm32f4xx_hal_gpio.o
LOAD ./Drivers/STM32F4xx_HAL_Driver/Src/stm32f4xx_hal_i2c.o
LOAD ./Drivers/STM32F4xx_HAL_Driver/Src/stm32f4xx_hal_i2c_ex.o
LOAD ./Drivers/STM32F4xx_HAL_Driver/Src/stm32f4xx_hal_pwr.o
LOAD ./Drivers/STM32F4xx_HAL_Driver/Src/stm32f4xx_hal_pwr_ex.o
LOAD ./Drivers/STM32F4xx_HAL_Driver/Src/stm32f4xx_hal_rcc.o
LOAD ./Drivers/STM32F4xx_HAL_Driver/Src/stm32f4xx_hal_rcc_ex.o
LOAD ./Drivers/STM32F4xx_HAL_Driver/Src/stm32f4xx_hal_tim.o
LOAD ./Drivers/STM32F4xx_HAL_Driver/Src/stm32f4xx_hal_tim_ex.o
LOAD ./Drivers/STM32F4xx_HAL_Driver/Src/stm32f4xx_hal_uart.o
LOAD ./Drone/src/cntrl_actuators.o
LOAD ./Drone/src/dist_sens.o
LOAD ./Drone/src/gps.o
LOAD ./Drone/src/imu.o
LOAD ./Drone/src/open_logger.o
LOAD ./Drone/src/pressr_sens.o
LOAD ./Drone/src/radio.o
LOAD ./Drone/src/time_util.o
LOAD ./Drone/src/usr_interrupts.o
LOAD ./Libraries/printf/printf.o
LOAD ./Middlewares/Third_Party/FreeRTOS/Source/CMSIS_RTOS_V2/cmsis_os2.o
LOAD ./Middlewares/Third_Party/FreeRTOS/Source/croutine.o
LOAD ./Middlewares/Third_Party/FreeRTOS/Source/event_groups.o
LOAD ./Middlewares/Third_Party/FreeRTOS/Source/list.o
LOAD ./Middlewares/Third_Party/FreeRTOS/Source/queue.o
LOAD ./Middlewares/Third_Party/FreeRTOS/Source/stream_buffer.o
LOAD ./Middlewares/Third_Party/FreeRTOS/Source/tasks.o
LOAD ./Middlewares/Third_Party/FreeRTOS/Source/timers.o
LOAD ./Middlewares/Third_Party/FreeRTOS/Source/portable/GCC/ARM_CM4F/port.o
LOAD ./Middlewares/Third_Party/FreeRTOS/Source/portable/MemMang/heap_4.o
LOAD ../Middlewares/Third_Party/ARM_CMSIS/CMSIS/DSP/Lib/GCC/libarm_cortexM4lf_math.a
START GROUP
LOAD /opt/st/stm32cubeide_1.13.0/plugins/com.st.stm32cube.ide.mcu.externaltools.gnu-tools-for-stm32.11.3.rel1.linux64_1.1.0.202305231506/tools/bin/../lib/gcc/arm-none-eabi/11.3.1/../../../../arm-none-eabi/lib/thumb/v7e-m+fp/hard/libc_nano.a
LOAD /opt/st/stm32cubeide_1.13.0/plugins/com.st.stm32cube.ide.mcu.externaltools.gnu-tools-for-stm32.11.3.rel1.linux64_1.1.0.202305231506/tools/bin/../lib/gcc/arm-none-eabi/11.3.1/../../../../arm-none-eabi/lib/thumb/v7e-m+fp/hard/libm.a
END GROUP
START GROUP
LOAD /opt/st/stm32cubeide_1.13.0/plugins/com.st.stm32cube.ide.mcu.externaltools.gnu-tools-for-stm32.11.3.rel1.linux64_1.1.0.202305231506/tools/bin/../lib/gcc/arm-none-eabi/11.3.1/thumb/v7e-m+fp/hard/libgcc.a
LOAD /opt/st/stm32cubeide_1.13.0/plugins/com.st.stm32cube.ide.mcu.externaltools.gnu-tools-for-stm32.11.3.rel1.linux64_1.1.0.202305231506/tools/bin/../lib/gcc/arm-none-eabi/11.3.1/../../../../arm-none-eabi/lib/thumb/v7e-m+fp/hard/libc_nano.a
END GROUP
START GROUP
LOAD /opt/st/stm32cubeide_1.13.0/plugins/com.st.stm32cube.ide.mcu.externaltools.gnu-tools-for-stm32.11.3.rel1.linux64_1.1.0.202305231506/tools/bin/../lib/gcc/arm-none-eabi/11.3.1/thumb/v7e-m+fp/hard/libgcc.a
LOAD /opt/st/stm32cubeide_1.13.0/plugins/com.st.stm32cube.ide.mcu.externaltools.gnu-tools-for-stm32.11.3.rel1.linux64_1.1.0.202305231506/tools/bin/../lib/gcc/arm-none-eabi/11.3.1/../../../../arm-none-eabi/lib/thumb/v7e-m+fp/hard/libc_nano.a
LOAD /opt/st/stm32cubeide_1.13.0/plugins/com.st.stm32cube.ide.mcu.externaltools.gnu-tools-for-stm32.11.3.rel1.linux64_1.1.0.202305231506/tools/bin/../lib/gcc/arm-none-eabi/11.3.1/../../../../arm-none-eabi/lib/thumb/v7e-m+fp/hard/libnosys.a
END GROUP
START GROUP
LOAD /opt/st/stm32cubeide_1.13.0/plugins/com.st.stm32cube.ide.mcu.externaltools.gnu-tools-for-stm32.11.3.rel1.linux64_1.1.0.202305231506/tools/bin/../lib/gcc/arm-none-eabi/11.3.1/thumb/v7e-m+fp/hard/libgcc.a
LOAD /opt/st/stm32cubeide_1.13.0/plugins/com.st.stm32cube.ide.mcu.externaltools.gnu-tools-for-stm32.11.3.rel1.linux64_1.1.0.202305231506/tools/bin/../lib/gcc/arm-none-eabi/11.3.1/../../../../arm-none-eabi/lib/thumb/v7e-m+fp/hard/libc_nano.a
LOAD /opt/st/stm32cubeide_1.13.0/plugins/com.st.stm32cube.ide.mcu.externaltools.gnu-tools-for-stm32.11.3.rel1.linux64_1.1.0.202305231506/tools/bin/../lib/gcc/arm-none-eabi/11.3.1/../../../../arm-none-eabi/lib/thumb/v7e-m+fp/hard/libnosys.a
END GROUP
LOAD /opt/st/stm32cubeide_1.13.0/plugins/com.st.stm32cube.ide.mcu.externaltools.gnu-tools-for-stm32.11.3.rel1.linux64_1.1.0.202305231506/tools/bin/../lib/gcc/arm-none-eabi/11.3.1/thumb/v7e-m+fp/hard/crtend.o
LOAD /opt/st/stm32cubeide_1.13.0/plugins/com.st.stm32cube.ide.mcu.externaltools.gnu-tools-for-stm32.11.3.rel1.linux64_1.1.0.202305231506/tools/bin/../lib/gcc/arm-none-eabi/11.3.1/thumb/v7e-m+fp/hard/crtn.o
                0x0000000020018000                _estack = (ORIGIN (RAM) + LENGTH (RAM))
                0x0000000000000200                _Min_Heap_Size = 0x200
                0x0000000000000400                _Min_Stack_Size = 0x400

.isr_vector     0x0000000008000000      0x194
                0x0000000008000000                . = ALIGN (0x4)
 *(.isr_vector)
 .isr_vector    0x0000000008000000      0x194 ./Core/Startup/startup_stm32f401retx.o
                0x0000000008000000                g_pfnVectors
                0x0000000008000194                . = ALIGN (0x4)

.text           0x00000000080001a0     0xf360
                0x00000000080001a0                . = ALIGN (0x4)
 *(.text)
 .text          0x00000000080001a0       0x40 /opt/st/stm32cubeide_1.13.0/plugins/com.st.stm32cube.ide.mcu.externaltools.gnu-tools-for-stm32.11.3.rel1.linux64_1.1.0.202305231506/tools/bin/../lib/gcc/arm-none-eabi/11.3.1/thumb/v7e-m+fp/hard/crtbegin.o
 .text          0x00000000080001e0       0xa0 /opt/st/stm32cubeide_1.13.0/plugins/com.st.stm32cube.ide.mcu.externaltools.gnu-tools-for-stm32.11.3.rel1.linux64_1.1.0.202305231506/tools/bin/../lib/gcc/arm-none-eabi/11.3.1/../../../../arm-none-eabi/lib/thumb/v7e-m+fp/hard/libc_nano.a(libc_a-memchr.o)
                0x00000000080001e0                memchr
 .text          0x0000000008000280       0x10 /opt/st/stm32cubeide_1.13.0/plugins/com.st.stm32cube.ide.mcu.externaltools.gnu-tools-for-stm32.11.3.rel1.linux64_1.1.0.202305231506/tools/bin/../lib/gcc/arm-none-eabi/11.3.1/../../../../arm-none-eabi/lib/thumb/v7e-m+fp/hard/libc_nano.a(libc_a-strlen.o)
                0x0000000008000280                strlen
 .text          0x0000000008000290      0x378 /opt/st/stm32cubeide_1.13.0/plugins/com.st.stm32cube.ide.mcu.externaltools.gnu-tools-for-stm32.11.3.rel1.linux64_1.1.0.202305231506/tools/bin/../lib/gcc/arm-none-eabi/11.3.1/thumb/v7e-m+fp/hard/libgcc.a(_arm_addsubdf3.o)
                0x0000000008000290                __aeabi_drsub
                0x0000000008000298                __aeabi_dsub
                0x0000000008000298                __subdf3
                0x000000000800029c                __adddf3
                0x000000000800029c                __aeabi_dadd
                0x0000000008000514                __aeabi_ui2d
                0x0000000008000514                __floatunsidf
                0x0000000008000534                __floatsidf
                0x0000000008000534                __aeabi_i2d
                0x0000000008000558                __extendsfdf2
                0x0000000008000558                __aeabi_f2d
                0x000000000800059c                __aeabi_ul2d
                0x000000000800059c                __floatundidf
                0x00000000080005ac                __floatdidf
                0x00000000080005ac                __aeabi_l2d
 .text          0x0000000008000608      0x424 /opt/st/stm32cubeide_1.13.0/plugins/com.st.stm32cube.ide.mcu.externaltools.gnu-tools-for-stm32.11.3.rel1.linux64_1.1.0.202305231506/tools/bin/../lib/gcc/arm-none-eabi/11.3.1/thumb/v7e-m+fp/hard/libgcc.a(_arm_muldivdf3.o)
                0x0000000008000608                __aeabi_dmul
                0x0000000008000608                __muldf3
                0x000000000800085c                __aeabi_ddiv
                0x000000000800085c                __divdf3
 .text          0x0000000008000a2c      0x110 /opt/st/stm32cubeide_1.13.0/plugins/com.st.stm32cube.ide.mcu.externaltools.gnu-tools-for-stm32.11.3.rel1.linux64_1.1.0.202305231506/tools/bin/../lib/gcc/arm-none-eabi/11.3.1/thumb/v7e-m+fp/hard/libgcc.a(_arm_cmpdf2.o)
                0x0000000008000a2c                __gtdf2
                0x0000000008000a2c                __gedf2
                0x0000000008000a34                __ltdf2
                0x0000000008000a34                __ledf2
                0x0000000008000a3c                __cmpdf2
                0x0000000008000a3c                __eqdf2
                0x0000000008000a3c                __nedf2
                0x0000000008000ab8                __aeabi_cdrcmple
                0x0000000008000ac8                __aeabi_cdcmple
                0x0000000008000ac8                __aeabi_cdcmpeq
                0x0000000008000ad8                __aeabi_dcmpeq
                0x0000000008000aec                __aeabi_dcmplt
                0x0000000008000b00                __aeabi_dcmple
                0x0000000008000b14                __aeabi_dcmpge
                0x0000000008000b28                __aeabi_dcmpgt
 .text          0x0000000008000b3c       0x2c /opt/st/stm32cubeide_1.13.0/plugins/com.st.stm32cube.ide.mcu.externaltools.gnu-tools-for-stm32.11.3.rel1.linux64_1.1.0.202305231506/tools/bin/../lib/gcc/arm-none-eabi/11.3.1/thumb/v7e-m+fp/hard/libgcc.a(_arm_unorddf2.o)
                0x0000000008000b3c                __aeabi_dcmpun
                0x0000000008000b3c                __unorddf2
 .text          0x0000000008000b68       0x50 /opt/st/stm32cubeide_1.13.0/plugins/com.st.stm32cube.ide.mcu.externaltools.gnu-tools-for-stm32.11.3.rel1.linux64_1.1.0.202305231506/tools/bin/../lib/gcc/arm-none-eabi/11.3.1/thumb/v7e-m+fp/hard/libgcc.a(_arm_fixdfsi.o)
                0x0000000008000b68                __fixdfsi
                0x0000000008000b68                __aeabi_d2iz
 .text          0x0000000008000bb8       0x40 /opt/st/stm32cubeide_1.13.0/plugins/com.st.stm32cube.ide.mcu.externaltools.gnu-tools-for-stm32.11.3.rel1.linux64_1.1.0.202305231506/tools/bin/../lib/gcc/arm-none-eabi/11.3.1/thumb/v7e-m+fp/hard/libgcc.a(_arm_fixunsdfsi.o)
                0x0000000008000bb8                __fixunsdfsi
                0x0000000008000bb8                __aeabi_d2uiz
 .text          0x0000000008000bf8       0xa0 /opt/st/stm32cubeide_1.13.0/plugins/com.st.stm32cube.ide.mcu.externaltools.gnu-tools-for-stm32.11.3.rel1.linux64_1.1.0.202305231506/tools/bin/../lib/gcc/arm-none-eabi/11.3.1/thumb/v7e-m+fp/hard/libgcc.a(_arm_truncdfsf2.o)
                0x0000000008000bf8                __aeabi_d2f
                0x0000000008000bf8                __truncdfsf2
 .text          0x0000000008000c98       0x30 /opt/st/stm32cubeide_1.13.0/plugins/com.st.stm32cube.ide.mcu.externaltools.gnu-tools-for-stm32.11.3.rel1.linux64_1.1.0.202305231506/tools/bin/../lib/gcc/arm-none-eabi/11.3.1/thumb/v7e-m+fp/hard/libgcc.a(_aeabi_uldivmod.o)
                0x0000000008000c98                __aeabi_uldivmod
 .text          0x0000000008000cc8       0x30 /opt/st/stm32cubeide_1.13.0/plugins/com.st.stm32cube.ide.mcu.externaltools.gnu-tools-for-stm32.11.3.rel1.linux64_1.1.0.202305231506/tools/bin/../lib/gcc/arm-none-eabi/11.3.1/thumb/v7e-m+fp/hard/libgcc.a(_fixdfdi.o)
                0x0000000008000cc8                __aeabi_d2lz
                0x0000000008000cc8                __fixdfdi
 .text          0x0000000008000cf8       0x3c /opt/st/stm32cubeide_1.13.0/plugins/com.st.stm32cube.ide.mcu.externaltools.gnu-tools-for-stm32.11.3.rel1.linux64_1.1.0.202305231506/tools/bin/../lib/gcc/arm-none-eabi/11.3.1/thumb/v7e-m+fp/hard/libgcc.a(_fixunsdfdi.o)
                0x0000000008000cf8                __aeabi_d2ulz
                0x0000000008000cf8                __fixunsdfdi
 .text          0x0000000008000d34      0x2c8 /opt/st/stm32cubeide_1.13.0/plugins/com.st.stm32cube.ide.mcu.externaltools.gnu-tools-for-stm32.11.3.rel1.linux64_1.1.0.202305231506/tools/bin/../lib/gcc/arm-none-eabi/11.3.1/thumb/v7e-m+fp/hard/libgcc.a(_udivmoddi4.o)
                0x0000000008000d34                __udivmoddi4
 .text          0x0000000008000ffc        0x4 /opt/st/stm32cubeide_1.13.0/plugins/com.st.stm32cube.ide.mcu.externaltools.gnu-tools-for-stm32.11.3.rel1.linux64_1.1.0.202305231506/tools/bin/../lib/gcc/arm-none-eabi/11.3.1/thumb/v7e-m+fp/hard/libgcc.a(_dvmd_tls.o)
                0x0000000008000ffc                __aeabi_ldiv0
                0x0000000008000ffc                __aeabi_idiv0
 *(.text*)
 .text.MX_FREERTOS_Init
                0x0000000008001000      0x1d8 ./Core/Src/freertos.o
                0x0000000008001000                MX_FREERTOS_Init
 .text.StartBlink
                0x00000000080011d8       0x1c ./Core/Src/freertos.o
                0x00000000080011d8                StartBlink
 .text.WriteLogger
                0x00000000080011f4       0x10 ./Core/Src/freertos.o
                0x00000000080011f4                WriteLogger
 .text.ReadInertial
                0x0000000008001204       0x10 ./Core/Src/freertos.o
                0x0000000008001204                ReadInertial
 .text.MX_GPIO_Init
                0x0000000008001214      0x1e0 ./Core/Src/gpio.o
                0x0000000008001214                MX_GPIO_Init
 .text.MX_I2C1_Init
                0x00000000080013f4       0x5c ./Core/Src/i2c.o
                0x00000000080013f4                MX_I2C1_Init
 .text.HAL_I2C_MspInit
                0x0000000008001450       0x90 ./Core/Src/i2c.o
                0x0000000008001450                HAL_I2C_MspInit
 .text.ITM_SendChar
                0x00000000080014e0       0x4e ./Core/Src/main.o
 .text._putchar
                0x000000000800152e       0x1e ./Core/Src/main.o
                0x000000000800152e                _putchar
 .text.main     0x000000000800154c       0xb8 ./Core/Src/main.o
                0x000000000800154c                main
 .text.SystemClock_Config
                0x0000000008001604       0xd4 ./Core/Src/main.o
                0x0000000008001604                SystemClock_Config
 .text.HAL_TIM_PeriodElapsedCallback
                0x00000000080016d8       0x24 ./Core/Src/main.o
                0x00000000080016d8                HAL_TIM_PeriodElapsedCallback
 .text.Error_Handler
                0x00000000080016fc        0xa ./Core/Src/main.o
                0x00000000080016fc                Error_Handler
 *fill*         0x0000000008001706        0x2 
 .text.HAL_MspInit
                0x0000000008001708       0x58 ./Core/Src/stm32f4xx_hal_msp.o
                0x0000000008001708                HAL_MspInit
 .text.HAL_InitTick
                0x0000000008001760       0xe4 ./Core/Src/stm32f4xx_hal_timebase_tim.o
                0x0000000008001760                HAL_InitTick
 .text.NMI_Handler
                0x0000000008001844        0x6 ./Core/Src/stm32f4xx_it.o
                0x0000000008001844                NMI_Handler
 .text.HardFault_Handler
                0x000000000800184a        0x6 ./Core/Src/stm32f4xx_it.o
                0x000000000800184a                HardFault_Handler
 .text.MemManage_Handler
                0x0000000008001850        0x6 ./Core/Src/stm32f4xx_it.o
                0x0000000008001850                MemManage_Handler
 .text.BusFault_Handler
                0x0000000008001856        0x6 ./Core/Src/stm32f4xx_it.o
                0x0000000008001856                BusFault_Handler
 .text.UsageFault_Handler
                0x000000000800185c        0x6 ./Core/Src/stm32f4xx_it.o
                0x000000000800185c                UsageFault_Handler
 .text.DebugMon_Handler
                0x0000000008001862        0xe ./Core/Src/stm32f4xx_it.o
                0x0000000008001862                DebugMon_Handler
 .text.EXTI2_IRQHandler
                0x0000000008001870        0xe ./Core/Src/stm32f4xx_it.o
                0x0000000008001870                EXTI2_IRQHandler
 *fill*         0x000000000800187e        0x2 
 .text.TIM1_UP_TIM10_IRQHandler
                0x0000000008001880       0x1c ./Core/Src/stm32f4xx_it.o
                0x0000000008001880                TIM1_UP_TIM10_IRQHandler
 .text.USART1_IRQHandler
                0x000000000800189c       0x14 ./Core/Src/stm32f4xx_it.o
                0x000000000800189c                USART1_IRQHandler
 .text.EXTI15_10_IRQHandler
                0x00000000080018b0       0x18 ./Core/Src/stm32f4xx_it.o
                0x00000000080018b0                EXTI15_10_IRQHandler
 .text._getpid  0x00000000080018c8       0x10 ./Core/Src/syscalls.o
                0x00000000080018c8                _getpid
 .text._kill    0x00000000080018d8       0x20 ./Core/Src/syscalls.o
                0x00000000080018d8                _kill
 .text._exit    0x00000000080018f8       0x14 ./Core/Src/syscalls.o
                0x00000000080018f8                _exit
 .text._read    0x000000000800190c       0x3a ./Core/Src/syscalls.o
                0x000000000800190c                _read
 .text._write   0x0000000008001946       0x38 ./Core/Src/syscalls.o
                0x0000000008001946                _write
 .text._close   0x000000000800197e       0x18 ./Core/Src/syscalls.o
                0x000000000800197e                _close
 .text._fstat   0x0000000008001996       0x20 ./Core/Src/syscalls.o
                0x0000000008001996                _fstat
 .text._isatty  0x00000000080019b6       0x16 ./Core/Src/syscalls.o
                0x00000000080019b6                _isatty
 .text._lseek   0x00000000080019cc       0x1a ./Core/Src/syscalls.o
                0x00000000080019cc                _lseek
 *fill*         0x00000000080019e6        0x2 
 .text._sbrk    0x00000000080019e8       0x6c ./Core/Src/sysmem.o
                0x00000000080019e8                _sbrk
 .text.SystemInit
                0x0000000008001a54       0x24 ./Core/Src/system_stm32f4xx.o
                0x0000000008001a54                SystemInit
 .text.MX_TIM2_Init
                0x0000000008001a78      0x118 ./Core/Src/tim.o
                0x0000000008001a78                MX_TIM2_Init
 .text.MX_TIM3_Init
                0x0000000008001b90      0x130 ./Core/Src/tim.o
                0x0000000008001b90                MX_TIM3_Init
 .text.MX_TIM4_Init
                0x0000000008001cc0      0x104 ./Core/Src/tim.o
                0x0000000008001cc0                MX_TIM4_Init
 .text.MX_TIM9_Init
                0x0000000008001dc4       0x74 ./Core/Src/tim.o
                0x0000000008001dc4                MX_TIM9_Init
 .text.MX_TIM10_Init
                0x0000000008001e38       0x48 ./Core/Src/tim.o
                0x0000000008001e38                MX_TIM10_Init
 .text.MX_TIM11_Init
                0x0000000008001e80       0x48 ./Core/Src/tim.o
                0x0000000008001e80                MX_TIM11_Init
 .text.HAL_TIM_Base_MspInit
                0x0000000008001ec8      0x128 ./Core/Src/tim.o
                0x0000000008001ec8                HAL_TIM_Base_MspInit
 .text.HAL_TIM_MspPostInit
                0x0000000008001ff0      0x18c ./Core/Src/tim.o
                0x0000000008001ff0                HAL_TIM_MspPostInit
 .text.MX_USART1_UART_Init
                0x000000000800217c       0x54 ./Core/Src/usart.o
                0x000000000800217c                MX_USART1_UART_Init
 .text.MX_USART2_UART_Init
                0x00000000080021d0       0x54 ./Core/Src/usart.o
                0x00000000080021d0                MX_USART2_UART_Init
 .text.MX_USART6_UART_Init
                0x0000000008002224       0x54 ./Core/Src/usart.o
                0x0000000008002224                MX_USART6_UART_Init
 .text.HAL_UART_MspInit
                0x0000000008002278      0x174 ./Core/Src/usart.o
                0x0000000008002278                HAL_UART_MspInit
 .text.Reset_Handler
                0x00000000080023ec       0x50 ./Core/Startup/startup_stm32f401retx.o
                0x00000000080023ec                Reset_Handler
 .text.Default_Handler
                0x000000000800243c        0x2 ./Core/Startup/startup_stm32f401retx.o
                0x000000000800243c                RTC_Alarm_IRQHandler
                0x000000000800243c                SPI4_IRQHandler
                0x000000000800243c                TIM1_CC_IRQHandler
                0x000000000800243c                DMA2_Stream5_IRQHandler
                0x000000000800243c                DMA1_Stream5_IRQHandler
                0x000000000800243c                PVD_IRQHandler
                0x000000000800243c                SDIO_IRQHandler
                0x000000000800243c                TAMP_STAMP_IRQHandler
                0x000000000800243c                EXTI3_IRQHandler
                0x000000000800243c                I2C3_ER_IRQHandler
                0x000000000800243c                EXTI0_IRQHandler
                0x000000000800243c                I2C2_EV_IRQHandler
                0x000000000800243c                DMA1_Stream2_IRQHandler
                0x000000000800243c                FPU_IRQHandler
                0x000000000800243c                DMA2_Stream2_IRQHandler
                0x000000000800243c                SPI1_IRQHandler
                0x000000000800243c                TIM1_BRK_TIM9_IRQHandler
                0x000000000800243c                DMA2_Stream3_IRQHandler
                0x000000000800243c                USART6_IRQHandler
                0x000000000800243c                DMA2_Stream0_IRQHandler
                0x000000000800243c                TIM4_IRQHandler
                0x000000000800243c                I2C1_EV_IRQHandler
                0x000000000800243c                DMA1_Stream6_IRQHandler
                0x000000000800243c                DMA1_Stream1_IRQHandler
                0x000000000800243c                TIM3_IRQHandler
                0x000000000800243c                RCC_IRQHandler
                0x000000000800243c                Default_Handler
                0x000000000800243c                ADC_IRQHandler
                0x000000000800243c                DMA1_Stream7_IRQHandler
                0x000000000800243c                TIM5_IRQHandler
                0x000000000800243c                DMA2_Stream7_IRQHandler
                0x000000000800243c                I2C3_EV_IRQHandler
                0x000000000800243c                EXTI9_5_IRQHandler
                0x000000000800243c                RTC_WKUP_IRQHandler
                0x000000000800243c                SPI2_IRQHandler
                0x000000000800243c                DMA1_Stream0_IRQHandler
                0x000000000800243c                EXTI4_IRQHandler
                0x000000000800243c                WWDG_IRQHandler
                0x000000000800243c                TIM2_IRQHandler
                0x000000000800243c                OTG_FS_WKUP_IRQHandler
                0x000000000800243c                TIM1_TRG_COM_TIM11_IRQHandler
                0x000000000800243c                EXTI1_IRQHandler
                0x000000000800243c                USART2_IRQHandler
                0x000000000800243c                I2C2_ER_IRQHandler
                0x000000000800243c                DMA2_Stream1_IRQHandler
                0x000000000800243c                FLASH_IRQHandler
                0x000000000800243c                DMA2_Stream4_IRQHandler
                0x000000000800243c                OTG_FS_IRQHandler
                0x000000000800243c                SPI3_IRQHandler
                0x000000000800243c                DMA1_Stream4_IRQHandler
                0x000000000800243c                I2C1_ER_IRQHandler
                0x000000000800243c                DMA2_Stream6_IRQHandler
                0x000000000800243c                DMA1_Stream3_IRQHandler
 *fill*         0x000000000800243e        0x2 
 .text.HAL_Init
                0x0000000008002440       0x44 ./Drivers/STM32F4xx_HAL_Driver/Src/stm32f4xx_hal.o
                0x0000000008002440                HAL_Init
 .text.HAL_IncTick
                0x0000000008002484       0x28 ./Drivers/STM32F4xx_HAL_Driver/Src/stm32f4xx_hal.o
                0x0000000008002484                HAL_IncTick
 .text.HAL_GetTick
                0x00000000080024ac       0x18 ./Drivers/STM32F4xx_HAL_Driver/Src/stm32f4xx_hal.o
                0x00000000080024ac                HAL_GetTick
 .text.HAL_Delay
                0x00000000080024c4       0x48 ./Drivers/STM32F4xx_HAL_Driver/Src/stm32f4xx_hal.o
                0x00000000080024c4                HAL_Delay
 .text.__NVIC_SetPriorityGrouping
                0x000000000800250c       0x48 ./Drivers/STM32F4xx_HAL_Driver/Src/stm32f4xx_hal_cortex.o
 .text.__NVIC_GetPriorityGrouping
                0x0000000008002554       0x1c ./Drivers/STM32F4xx_HAL_Driver/Src/stm32f4xx_hal_cortex.o
 .text.__NVIC_EnableIRQ
                0x0000000008002570       0x3c ./Drivers/STM32F4xx_HAL_Driver/Src/stm32f4xx_hal_cortex.o
 .text.__NVIC_SetPriority
                0x00000000080025ac       0x54 ./Drivers/STM32F4xx_HAL_Driver/Src/stm32f4xx_hal_cortex.o
 .text.NVIC_EncodePriority
                0x0000000008002600       0x66 ./Drivers/STM32F4xx_HAL_Driver/Src/stm32f4xx_hal_cortex.o
 .text.HAL_NVIC_SetPriorityGrouping
                0x0000000008002666       0x16 ./Drivers/STM32F4xx_HAL_Driver/Src/stm32f4xx_hal_cortex.o
                0x0000000008002666                HAL_NVIC_SetPriorityGrouping
 .text.HAL_NVIC_SetPriority
                0x000000000800267c       0x38 ./Drivers/STM32F4xx_HAL_Driver/Src/stm32f4xx_hal_cortex.o
                0x000000000800267c                HAL_NVIC_SetPriority
 .text.HAL_NVIC_EnableIRQ
                0x00000000080026b4       0x1c ./Drivers/STM32F4xx_HAL_Driver/Src/stm32f4xx_hal_cortex.o
                0x00000000080026b4                HAL_NVIC_EnableIRQ
 .text.HAL_DMA_Abort
                0x00000000080026d0       0xe0 ./Drivers/STM32F4xx_HAL_Driver/Src/stm32f4xx_hal_dma.o
                0x00000000080026d0                HAL_DMA_Abort
 .text.HAL_DMA_Abort_IT
                0x00000000080027b0       0x44 ./Drivers/STM32F4xx_HAL_Driver/Src/stm32f4xx_hal_dma.o
                0x00000000080027b0                HAL_DMA_Abort_IT
 .text.HAL_GPIO_Init
                0x00000000080027f4      0x308 ./Drivers/STM32F4xx_HAL_Driver/Src/stm32f4xx_hal_gpio.o
                0x00000000080027f4                HAL_GPIO_Init
 .text.HAL_GPIO_ReadPin
                0x0000000008002afc       0x30 ./Drivers/STM32F4xx_HAL_Driver/Src/stm32f4xx_hal_gpio.o
                0x0000000008002afc                HAL_GPIO_ReadPin
 .text.HAL_GPIO_WritePin
                0x0000000008002b2c       0x32 ./Drivers/STM32F4xx_HAL_Driver/Src/stm32f4xx_hal_gpio.o
                0x0000000008002b2c                HAL_GPIO_WritePin
 .text.HAL_GPIO_TogglePin
                0x0000000008002b5e       0x34 ./Drivers/STM32F4xx_HAL_Driver/Src/stm32f4xx_hal_gpio.o
                0x0000000008002b5e                HAL_GPIO_TogglePin
 *fill*         0x0000000008002b92        0x2 
 .text.HAL_GPIO_EXTI_IRQHandler
                0x0000000008002b94       0x30 ./Drivers/STM32F4xx_HAL_Driver/Src/stm32f4xx_hal_gpio.o
                0x0000000008002b94                HAL_GPIO_EXTI_IRQHandler
 .text.HAL_I2C_Init
                0x0000000008002bc4      0x288 ./Drivers/STM32F4xx_HAL_Driver/Src/stm32f4xx_hal_i2c.o
                0x0000000008002bc4                HAL_I2C_Init
 .text.HAL_I2C_IsDeviceReady
                0x0000000008002e4c      0x25c ./Drivers/STM32F4xx_HAL_Driver/Src/stm32f4xx_hal_i2c.o
                0x0000000008002e4c                HAL_I2C_IsDeviceReady
 .text.I2C_WaitOnFlagUntilTimeout
                0x00000000080030a8       0xae ./Drivers/STM32F4xx_HAL_Driver/Src/stm32f4xx_hal_i2c.o
 *fill*         0x0000000008003156        0x2 
 .text.HAL_RCC_OscConfig
                0x0000000008003158      0x4f0 ./Drivers/STM32F4xx_HAL_Driver/Src/stm32f4xx_hal_rcc.o
                0x0000000008003158                HAL_RCC_OscConfig
 .text.HAL_RCC_ClockConfig
                0x0000000008003648      0x1cc ./Drivers/STM32F4xx_HAL_Driver/Src/stm32f4xx_hal_rcc.o
                0x0000000008003648                HAL_RCC_ClockConfig
 .text.HAL_RCC_GetSysClockFreq
                0x0000000008003814      0x20c ./Drivers/STM32F4xx_HAL_Driver/Src/stm32f4xx_hal_rcc.o
                0x0000000008003814                HAL_RCC_GetSysClockFreq
 .text.HAL_RCC_GetHCLKFreq
                0x0000000008003a20       0x18 ./Drivers/STM32F4xx_HAL_Driver/Src/stm32f4xx_hal_rcc.o
                0x0000000008003a20                HAL_RCC_GetHCLKFreq
 .text.HAL_RCC_GetPCLK1Freq
                0x0000000008003a38       0x28 ./Drivers/STM32F4xx_HAL_Driver/Src/stm32f4xx_hal_rcc.o
                0x0000000008003a38                HAL_RCC_GetPCLK1Freq
 .text.HAL_RCC_GetPCLK2Freq
                0x0000000008003a60       0x28 ./Drivers/STM32F4xx_HAL_Driver/Src/stm32f4xx_hal_rcc.o
                0x0000000008003a60                HAL_RCC_GetPCLK2Freq
 .text.HAL_RCC_GetClockConfig
                0x0000000008003a88       0x64 ./Drivers/STM32F4xx_HAL_Driver/Src/stm32f4xx_hal_rcc.o
                0x0000000008003a88                HAL_RCC_GetClockConfig
 .text.HAL_TIM_Base_Init
                0x0000000008003aec       0x9e ./Drivers/STM32F4xx_HAL_Driver/Src/stm32f4xx_hal_tim.o
                0x0000000008003aec                HAL_TIM_Base_Init
 *fill*         0x0000000008003b8a        0x2 
 .text.HAL_TIM_Base_Start
                0x0000000008003b8c       0xb4 ./Drivers/STM32F4xx_HAL_Driver/Src/stm32f4xx_hal_tim.o
                0x0000000008003b8c                HAL_TIM_Base_Start
 .text.HAL_TIM_Base_Start_IT
                0x0000000008003c40       0xc4 ./Drivers/STM32F4xx_HAL_Driver/Src/stm32f4xx_hal_tim.o
                0x0000000008003c40                HAL_TIM_Base_Start_IT
 .text.HAL_TIM_PWM_Init
                0x0000000008003d04       0x9e ./Drivers/STM32F4xx_HAL_Driver/Src/stm32f4xx_hal_tim.o
                0x0000000008003d04                HAL_TIM_PWM_Init
 .text.HAL_TIM_PWM_MspInit
                0x0000000008003da2       0x14 ./Drivers/STM32F4xx_HAL_Driver/Src/stm32f4xx_hal_tim.o
                0x0000000008003da2                HAL_TIM_PWM_MspInit
 *fill*         0x0000000008003db6        0x2 
 .text.HAL_TIM_PWM_Start
                0x0000000008003db8      0x160 ./Drivers/STM32F4xx_HAL_Driver/Src/stm32f4xx_hal_tim.o
                0x0000000008003db8                HAL_TIM_PWM_Start
 .text.HAL_TIM_IRQHandler
                0x0000000008003f18      0x210 ./Drivers/STM32F4xx_HAL_Driver/Src/stm32f4xx_hal_tim.o
                0x0000000008003f18                HAL_TIM_IRQHandler
 .text.HAL_TIM_PWM_ConfigChannel
                0x0000000008004128      0x184 ./Drivers/STM32F4xx_HAL_Driver/Src/stm32f4xx_hal_tim.o
                0x0000000008004128                HAL_TIM_PWM_ConfigChannel
 .text.HAL_TIM_ConfigClockSource
                0x00000000080042ac      0x18e ./Drivers/STM32F4xx_HAL_Driver/Src/stm32f4xx_hal_tim.o
                0x00000000080042ac                HAL_TIM_ConfigClockSource
 .text.HAL_TIM_OC_DelayElapsedCallback
                0x000000000800443a       0x14 ./Drivers/STM32F4xx_HAL_Driver/Src/stm32f4xx_hal_tim.o
                0x000000000800443a                HAL_TIM_OC_DelayElapsedCallback
 .text.HAL_TIM_IC_CaptureCallback
                0x000000000800444e       0x14 ./Drivers/STM32F4xx_HAL_Driver/Src/stm32f4xx_hal_tim.o
                0x000000000800444e                HAL_TIM_IC_CaptureCallback
 .text.HAL_TIM_PWM_PulseFinishedCallback
                0x0000000008004462       0x14 ./Drivers/STM32F4xx_HAL_Driver/Src/stm32f4xx_hal_tim.o
                0x0000000008004462                HAL_TIM_PWM_PulseFinishedCallback
 .text.HAL_TIM_TriggerCallback
                0x0000000008004476       0x14 ./Drivers/STM32F4xx_HAL_Driver/Src/stm32f4xx_hal_tim.o
                0x0000000008004476                HAL_TIM_TriggerCallback
 *fill*         0x000000000800448a        0x2 
 .text.TIM_Base_SetConfig
                0x000000000800448c      0x100 ./Drivers/STM32F4xx_HAL_Driver/Src/stm32f4xx_hal_tim.o
                0x000000000800448c                TIM_Base_SetConfig
 .text.TIM_OC1_SetConfig
                0x000000000800458c       0xcc ./Drivers/STM32F4xx_HAL_Driver/Src/stm32f4xx_hal_tim.o
 .text.TIM_OC2_SetConfig
                0x0000000008004658       0xd8 ./Drivers/STM32F4xx_HAL_Driver/Src/stm32f4xx_hal_tim.o
                0x0000000008004658                TIM_OC2_SetConfig
 .text.TIM_OC3_SetConfig
                0x0000000008004730       0xd4 ./Drivers/STM32F4xx_HAL_Driver/Src/stm32f4xx_hal_tim.o
 .text.TIM_OC4_SetConfig
                0x0000000008004804       0xa0 ./Drivers/STM32F4xx_HAL_Driver/Src/stm32f4xx_hal_tim.o
 .text.TIM_TI1_ConfigInputStage
                0x00000000080048a4       0x5e ./Drivers/STM32F4xx_HAL_Driver/Src/stm32f4xx_hal_tim.o
 .text.TIM_TI2_ConfigInputStage
                0x0000000008004902       0x60 ./Drivers/STM32F4xx_HAL_Driver/Src/stm32f4xx_hal_tim.o
 .text.TIM_ITRx_SetConfig
                0x0000000008004962       0x36 ./Drivers/STM32F4xx_HAL_Driver/Src/stm32f4xx_hal_tim.o
 .text.TIM_ETR_SetConfig
                0x0000000008004998       0x40 ./Drivers/STM32F4xx_HAL_Driver/Src/stm32f4xx_hal_tim.o
                0x0000000008004998                TIM_ETR_SetConfig
 .text.TIM_CCxChannelCmd
                0x00000000080049d8       0x4a ./Drivers/STM32F4xx_HAL_Driver/Src/stm32f4xx_hal_tim.o
                0x00000000080049d8                TIM_CCxChannelCmd
 *fill*         0x0000000008004a22        0x2 
 .text.HAL_TIMEx_MasterConfigSynchronization
                0x0000000008004a24       0xdc ./Drivers/STM32F4xx_HAL_Driver/Src/stm32f4xx_hal_tim_ex.o
                0x0000000008004a24                HAL_TIMEx_MasterConfigSynchronization
 .text.HAL_TIMEx_CommutCallback
                0x0000000008004b00       0x14 ./Drivers/STM32F4xx_HAL_Driver/Src/stm32f4xx_hal_tim_ex.o
                0x0000000008004b00                HAL_TIMEx_CommutCallback
 .text.HAL_TIMEx_BreakCallback
                0x0000000008004b14       0x14 ./Drivers/STM32F4xx_HAL_Driver/Src/stm32f4xx_hal_tim_ex.o
                0x0000000008004b14                HAL_TIMEx_BreakCallback
 .text.HAL_UART_Init
                0x0000000008004b28       0x9a ./Drivers/STM32F4xx_HAL_Driver/Src/stm32f4xx_hal_uart.o
                0x0000000008004b28                HAL_UART_Init
 .text.HAL_UART_Receive_IT
                0x0000000008004bc2       0x60 ./Drivers/STM32F4xx_HAL_Driver/Src/stm32f4xx_hal_uart.o
                0x0000000008004bc2                HAL_UART_Receive_IT
 *fill*         0x0000000008004c22        0x2 
 .text.HAL_UART_IRQHandler
                0x0000000008004c24      0x51c ./Drivers/STM32F4xx_HAL_Driver/Src/stm32f4xx_hal_uart.o
                0x0000000008004c24                HAL_UART_IRQHandler
 .text.HAL_UART_ErrorCallback
                0x0000000008005140       0x14 ./Drivers/STM32F4xx_HAL_Driver/Src/stm32f4xx_hal_uart.o
                0x0000000008005140                HAL_UART_ErrorCallback
 .text.HAL_UARTEx_RxEventCallback
                0x0000000008005154       0x18 ./Drivers/STM32F4xx_HAL_Driver/Src/stm32f4xx_hal_uart.o
                0x0000000008005154                HAL_UARTEx_RxEventCallback
 .text.UART_Start_Receive_IT
                0x000000000800516c       0x7c ./Drivers/STM32F4xx_HAL_Driver/Src/stm32f4xx_hal_uart.o
                0x000000000800516c                UART_Start_Receive_IT
 .text.UART_EndRxTransfer
                0x00000000080051e8       0xc6 ./Drivers/STM32F4xx_HAL_Driver/Src/stm32f4xx_hal_uart.o
 .text.UART_DMAAbortOnError
                0x00000000080052ae       0x28 ./Drivers/STM32F4xx_HAL_Driver/Src/stm32f4xx_hal_uart.o
 .text.UART_Transmit_IT
                0x00000000080052d6       0xa0 ./Drivers/STM32F4xx_HAL_Driver/Src/stm32f4xx_hal_uart.o
 .text.UART_EndTransmit_IT
                0x0000000008005376       0x30 ./Drivers/STM32F4xx_HAL_Driver/Src/stm32f4xx_hal_uart.o
 .text.UART_Receive_IT
                0x00000000080053a6      0x176 ./Drivers/STM32F4xx_HAL_Driver/Src/stm32f4xx_hal_uart.o
 .text.UART_SetConfig
                0x000000000800551c      0x4e8 ./Drivers/STM32F4xx_HAL_Driver/Src/stm32f4xx_hal_uart.o
 .text.ControlActuators
                0x0000000008005a04      0x1b4 ./Drone/src/cntrl_actuators.o
                0x0000000008005a04                ControlActuators
 .text.ReadRngs
                0x0000000008005bb8       0x64 ./Drone/src/dist_sens.o
                0x0000000008005bb8                ReadRngs
 *fill*         0x0000000008005c1c        0x4 
 .text.Rng1EchoCallback
                0x0000000008005c20       0xf0 ./Drone/src/dist_sens.o
                0x0000000008005c20                Rng1EchoCallback
 .text.Rng2EchoCallback
                0x0000000008005d10       0xf0 ./Drone/src/dist_sens.o
                0x0000000008005d10                Rng2EchoCallback
 .text.verify_imu_comms
                0x0000000008005e00       0x78 ./Drone/src/imu.o
                0x0000000008005e00                verify_imu_comms
 .text.ReadMag  0x0000000008005e78       0x16 ./Drone/src/imu.o
                0x0000000008005e78                ReadMag
 *fill*         0x0000000008005e8e        0x2 
 .text.ReadPressureSensor
                0x0000000008005e90       0xc4 ./Drone/src/pressr_sens.o
                0x0000000008005e90                ReadPressureSensor
 .text.ParseRecvMsg
                0x0000000008005f54       0xe8 ./Drone/src/radio.o
                0x0000000008005f54                ParseRecvMsg
 .text.RadioRxCpltCallback
                0x000000000800603c       0xe8 ./Drone/src/radio.o
                0x000000000800603c                RadioRxCpltCallback
 .text.RadioManager
                0x0000000008006124       0x24 ./Drone/src/radio.o
                0x0000000008006124                RadioManager
 .text.delay_us
                0x0000000008006148       0x30 ./Drone/src/time_util.o
                0x0000000008006148                delay_us
 .text.HAL_UART_RxCpltCallback
                0x0000000008006178       0x20 ./Drone/src/usr_interrupts.o
                0x0000000008006178                HAL_UART_RxCpltCallback
 .text.HAL_UART_TxCpltCallback
                0x0000000008006198       0x14 ./Drone/src/usr_interrupts.o
                0x0000000008006198                HAL_UART_TxCpltCallback
 .text.HAL_GPIO_EXTI_Callback
                0x00000000080061ac       0x2a ./Drone/src/usr_interrupts.o
                0x00000000080061ac                HAL_GPIO_EXTI_Callback
 .text._out_null
                0x00000000080061d6       0x1c ./Libraries/printf/printf.o
 .text._out_char
                0x00000000080061f2       0x26 ./Libraries/printf/printf.o
 .text._strnlen_s
                0x0000000008006218       0x3a ./Libraries/printf/printf.o
 .text._is_digit
                0x0000000008006252       0x2e ./Libraries/printf/printf.o
 .text._atoi    0x0000000008006280       0x48 ./Libraries/printf/printf.o
 .text._out_rev
                0x00000000080062c8       0xa0 ./Libraries/printf/printf.o
 .text._ntoa_format
                0x0000000008006368      0x1b8 ./Libraries/printf/printf.o
 .text._ntoa_long
                0x0000000008006520       0xcc ./Libraries/printf/printf.o
 .text._ntoa_long_long
                0x00000000080065ec       0xda ./Libraries/printf/printf.o
 *fill*         0x00000000080066c6        0x2 
 .text._ftoa    0x00000000080066c8      0x4ac ./Libraries/printf/printf.o
 *fill*         0x0000000008006b74        0x4 
 .text._etoa    0x0000000008006b78      0x510 ./Libraries/printf/printf.o
 .text._vsnprintf
                0x0000000008007088      0x9ec ./Libraries/printf/printf.o
 .text.printf_  0x0000000008007a74       0x38 ./Libraries/printf/printf.o
                0x0000000008007a74                printf_
 .text.__NVIC_SetPriority
                0x0000000008007aac       0x54 ./Middlewares/Third_Party/FreeRTOS/Source/CMSIS_RTOS_V2/cmsis_os2.o
 .text.SysTick_Handler
                0x0000000008007b00       0x20 ./Middlewares/Third_Party/FreeRTOS/Source/CMSIS_RTOS_V2/cmsis_os2.o
                0x0000000008007b00                SysTick_Handler
 .text.SVC_Setup
                0x0000000008007b20       0x12 ./Middlewares/Third_Party/FreeRTOS/Source/CMSIS_RTOS_V2/cmsis_os2.o
 *fill*         0x0000000008007b32        0x2 
 .text.osKernelInitialize
                0x0000000008007b34       0x48 ./Middlewares/Third_Party/FreeRTOS/Source/CMSIS_RTOS_V2/cmsis_os2.o
                0x0000000008007b34                osKernelInitialize
 .text.osKernelStart
                0x0000000008007b7c       0x4c ./Middlewares/Third_Party/FreeRTOS/Source/CMSIS_RTOS_V2/cmsis_os2.o
                0x0000000008007b7c                osKernelStart
 .text.osKernelLock
                0x0000000008007bc8       0x4c ./Middlewares/Third_Party/FreeRTOS/Source/CMSIS_RTOS_V2/cmsis_os2.o
                0x0000000008007bc8                osKernelLock
 .text.osKernelUnlock
                0x0000000008007c14       0x64 ./Middlewares/Third_Party/FreeRTOS/Source/CMSIS_RTOS_V2/cmsis_os2.o
                0x0000000008007c14                osKernelUnlock
 .text.osKernelGetTickCount
                0x0000000008007c78       0x2a ./Middlewares/Third_Party/FreeRTOS/Source/CMSIS_RTOS_V2/cmsis_os2.o
                0x0000000008007c78                osKernelGetTickCount
 *fill*         0x0000000008007ca2        0x2 
 .text.OS_Tick_GetCount
                0x0000000008007ca4       0x24 ./Middlewares/Third_Party/FreeRTOS/Source/CMSIS_RTOS_V2/cmsis_os2.o
 .text.OS_Tick_GetOverflow
                0x0000000008007cc8       0x1c ./Middlewares/Third_Party/FreeRTOS/Source/CMSIS_RTOS_V2/cmsis_os2.o
 .text.OS_Tick_GetInterval
                0x0000000008007ce4       0x18 ./Middlewares/Third_Party/FreeRTOS/Source/CMSIS_RTOS_V2/cmsis_os2.o
 .text.osKernelGetSysTimerCount
                0x0000000008007cfc       0x72 ./Middlewares/Third_Party/FreeRTOS/Source/CMSIS_RTOS_V2/cmsis_os2.o
                0x0000000008007cfc                osKernelGetSysTimerCount
 .text.osThreadNew
                0x0000000008007d6e      0x124 ./Middlewares/Third_Party/FreeRTOS/Source/CMSIS_RTOS_V2/cmsis_os2.o
                0x0000000008007d6e                osThreadNew
 *fill*         0x0000000008007e92        0x2 
 .text.osThreadYield
                0x0000000008007e94       0x40 ./Middlewares/Third_Party/FreeRTOS/Source/CMSIS_RTOS_V2/cmsis_os2.o
                0x0000000008007e94                osThreadYield
 .text.osDelay  0x0000000008007ed4       0x36 ./Middlewares/Third_Party/FreeRTOS/Source/CMSIS_RTOS_V2/cmsis_os2.o
                0x0000000008007ed4                osDelay
 .text.osMessageQueueNew
                0x0000000008007f0a       0xe6 ./Middlewares/Third_Party/FreeRTOS/Source/CMSIS_RTOS_V2/cmsis_os2.o
                0x0000000008007f0a                osMessageQueueNew
 .text.osMessageQueuePut
                0x0000000008007ff0       0xc0 ./Middlewares/Third_Party/FreeRTOS/Source/CMSIS_RTOS_V2/cmsis_os2.o
                0x0000000008007ff0                osMessageQueuePut
 .text.osMessageQueueGet
                0x00000000080080b0       0xbc ./Middlewares/Third_Party/FreeRTOS/Source/CMSIS_RTOS_V2/cmsis_os2.o
                0x00000000080080b0                osMessageQueueGet
 .text.osMessageQueueGetCount
                0x000000000800816c       0x40 ./Middlewares/Third_Party/FreeRTOS/Source/CMSIS_RTOS_V2/cmsis_os2.o
                0x000000000800816c                osMessageQueueGetCount
 .text.vApplicationGetIdleTaskMemory
                0x00000000080081ac       0x34 ./Middlewares/Third_Party/FreeRTOS/Source/CMSIS_RTOS_V2/cmsis_os2.o
                0x00000000080081ac                vApplicationGetIdleTaskMemory
 .text.vApplicationGetTimerTaskMemory
                0x00000000080081e0       0x34 ./Middlewares/Third_Party/FreeRTOS/Source/CMSIS_RTOS_V2/cmsis_os2.o
                0x00000000080081e0                vApplicationGetTimerTaskMemory
 .text.vListInitialise
                0x0000000008008214       0x40 ./Middlewares/Third_Party/FreeRTOS/Source/list.o
                0x0000000008008214                vListInitialise
 .text.vListInitialiseItem
                0x0000000008008254       0x1a ./Middlewares/Third_Party/FreeRTOS/Source/list.o
                0x0000000008008254                vListInitialiseItem
 .text.vListInsertEnd
                0x000000000800826e       0x48 ./Middlewares/Third_Party/FreeRTOS/Source/list.o
                0x000000000800826e                vListInsertEnd
 .text.vListInsert
                0x00000000080082b6       0x72 ./Middlewares/Third_Party/FreeRTOS/Source/list.o
                0x00000000080082b6                vListInsert
 .text.uxListRemove
                0x0000000008008328       0x54 ./Middlewares/Third_Party/FreeRTOS/Source/list.o
                0x0000000008008328                uxListRemove
 .text.xQueueGenericReset
                0x000000000800837c       0xd0 ./Middlewares/Third_Party/FreeRTOS/Source/queue.o
                0x000000000800837c                xQueueGenericReset
 .text.xQueueGenericCreateStatic
                0x000000000800844c       0xf0 ./Middlewares/Third_Party/FreeRTOS/Source/queue.o
                0x000000000800844c                xQueueGenericCreateStatic
 .text.xQueueGenericCreate
                0x000000000800853c       0x74 ./Middlewares/Third_Party/FreeRTOS/Source/queue.o
                0x000000000800853c                xQueueGenericCreate
 .text.prvInitialiseNewQueue
                0x00000000080085b0       0x46 ./Middlewares/Third_Party/FreeRTOS/Source/queue.o
 *fill*         0x00000000080085f6        0x2 
 .text.xQueueGenericSend
                0x00000000080085f8      0x1fc ./Middlewares/Third_Party/FreeRTOS/Source/queue.o
                0x00000000080085f8                xQueueGenericSend
 .text.xQueueGenericSendFromISR
                0x00000000080087f4      0x136 ./Middlewares/Third_Party/FreeRTOS/Source/queue.o
                0x00000000080087f4                xQueueGenericSendFromISR
 *fill*         0x000000000800892a        0x2 
 .text.xQueueReceive
                0x000000000800892c      0x1c0 ./Middlewares/Third_Party/FreeRTOS/Source/queue.o
                0x000000000800892c                xQueueReceive
 .text.xQueueReceiveFromISR
                0x0000000008008aec      0x100 ./Middlewares/Third_Party/FreeRTOS/Source/queue.o
                0x0000000008008aec                xQueueReceiveFromISR
 .text.uxQueueMessagesWaiting
                0x0000000008008bec       0x3c ./Middlewares/Third_Party/FreeRTOS/Source/queue.o
                0x0000000008008bec                uxQueueMessagesWaiting
 .text.uxQueueMessagesWaitingFromISR
                0x0000000008008c28       0x3c ./Middlewares/Third_Party/FreeRTOS/Source/queue.o
                0x0000000008008c28                uxQueueMessagesWaitingFromISR
 .text.prvCopyDataToQueue
                0x0000000008008c64       0xd4 ./Middlewares/Third_Party/FreeRTOS/Source/queue.o
 .text.prvCopyDataFromQueue
                0x0000000008008d38       0x4c ./Middlewares/Third_Party/FreeRTOS/Source/queue.o
 .text.prvUnlockQueue
                0x0000000008008d84       0xa4 ./Middlewares/Third_Party/FreeRTOS/Source/queue.o
 .text.prvIsQueueEmpty
                0x0000000008008e28       0x2c ./Middlewares/Third_Party/FreeRTOS/Source/queue.o
 .text.prvIsQueueFull
                0x0000000008008e54       0x30 ./Middlewares/Third_Party/FreeRTOS/Source/queue.o
 .text.vQueueAddToRegistry
                0x0000000008008e84       0x54 ./Middlewares/Third_Party/FreeRTOS/Source/queue.o
                0x0000000008008e84                vQueueAddToRegistry
 .text.vQueueWaitForMessageRestricted
                0x0000000008008ed8       0x68 ./Middlewares/Third_Party/FreeRTOS/Source/queue.o
                0x0000000008008ed8                vQueueWaitForMessageRestricted
 .text.xTaskCreateStatic
                0x0000000008008f40       0xba ./Middlewares/Third_Party/FreeRTOS/Source/tasks.o
                0x0000000008008f40                xTaskCreateStatic
 .text.xTaskCreate
                0x0000000008008ffa       0x8a ./Middlewares/Third_Party/FreeRTOS/Source/tasks.o
                0x0000000008008ffa                xTaskCreate
 .text.prvInitialiseNewTask
                0x0000000008009084      0x14c ./Middlewares/Third_Party/FreeRTOS/Source/tasks.o
 .text.prvAddNewTaskToReadyList
                0x00000000080091d0       0xe0 ./Middlewares/Third_Party/FreeRTOS/Source/tasks.o
 .text.vTaskDelay
                0x00000000080092b0       0x68 ./Middlewares/Third_Party/FreeRTOS/Source/tasks.o
                0x00000000080092b0                vTaskDelay
 .text.vTaskStartScheduler
                0x0000000008009318       0xe0 ./Middlewares/Third_Party/FreeRTOS/Source/tasks.o
                0x0000000008009318                vTaskStartScheduler
 .text.vTaskSuspendAll
                0x00000000080093f8       0x1c ./Middlewares/Third_Party/FreeRTOS/Source/tasks.o
                0x00000000080093f8                vTaskSuspendAll
 .text.xTaskResumeAll
                0x0000000008009414      0x13c ./Middlewares/Third_Party/FreeRTOS/Source/tasks.o
                0x0000000008009414                xTaskResumeAll
 .text.xTaskGetTickCount
                0x0000000008009550       0x20 ./Middlewares/Third_Party/FreeRTOS/Source/tasks.o
                0x0000000008009550                xTaskGetTickCount
 .text.xTaskGetTickCountFromISR
                0x0000000008009570       0x24 ./Middlewares/Third_Party/FreeRTOS/Source/tasks.o
                0x0000000008009570                xTaskGetTickCountFromISR
 .text.xTaskIncrementTick
                0x0000000008009594      0x174 ./Middlewares/Third_Party/FreeRTOS/Source/tasks.o
                0x0000000008009594                xTaskIncrementTick
 .text.vTaskSwitchContext
                0x0000000008009708       0xc8 ./Middlewares/Third_Party/FreeRTOS/Source/tasks.o
                0x0000000008009708                vTaskSwitchContext
 .text.vTaskPlaceOnEventList
                0x00000000080097d0       0x48 ./Middlewares/Third_Party/FreeRTOS/Source/tasks.o
                0x00000000080097d0                vTaskPlaceOnEventList
 .text.vTaskPlaceOnEventListRestricted
                0x0000000008009818       0x58 ./Middlewares/Third_Party/FreeRTOS/Source/tasks.o
                0x0000000008009818                vTaskPlaceOnEventListRestricted
 .text.xTaskRemoveFromEventList
                0x0000000008009870       0xc8 ./Middlewares/Third_Party/FreeRTOS/Source/tasks.o
                0x0000000008009870                xTaskRemoveFromEventList
 .text.vTaskInternalSetTimeOutState
                0x0000000008009938       0x2c ./Middlewares/Third_Party/FreeRTOS/Source/tasks.o
                0x0000000008009938                vTaskInternalSetTimeOutState
 .text.xTaskCheckForTimeOut
                0x0000000008009964       0xc4 ./Middlewares/Third_Party/FreeRTOS/Source/tasks.o
                0x0000000008009964                xTaskCheckForTimeOut
 .text.vTaskMissedYield
                0x0000000008009a28       0x18 ./Middlewares/Third_Party/FreeRTOS/Source/tasks.o
                0x0000000008009a28                vTaskMissedYield
 .text.prvIdleTask
                0x0000000008009a40       0x30 ./Middlewares/Third_Party/FreeRTOS/Source/tasks.o
 .text.prvInitialiseTaskLists
                0x0000000008009a70       0x80 ./Middlewares/Third_Party/FreeRTOS/Source/tasks.o
 .text.prvCheckTasksWaitingTermination
                0x0000000008009af0       0x5c ./Middlewares/Third_Party/FreeRTOS/Source/tasks.o
 .text.prvDeleteTCB
                0x0000000008009b4c       0x68 ./Middlewares/Third_Party/FreeRTOS/Source/tasks.o
 .text.prvResetNextTaskUnblockTime
                0x0000000008009bb4       0x40 ./Middlewares/Third_Party/FreeRTOS/Source/tasks.o
 .text.xTaskGetSchedulerState
                0x0000000008009bf4       0x3c ./Middlewares/Third_Party/FreeRTOS/Source/tasks.o
                0x0000000008009bf4                xTaskGetSchedulerState
 .text.xTaskPriorityDisinherit
                0x0000000008009c30       0xdc ./Middlewares/Third_Party/FreeRTOS/Source/tasks.o
                0x0000000008009c30                xTaskPriorityDisinherit
 .text.prvAddCurrentTaskToDelayedList
                0x0000000008009d0c       0xa8 ./Middlewares/Third_Party/FreeRTOS/Source/tasks.o
 .text.xTimerCreateTimerTask
                0x0000000008009db4       0x90 ./Middlewares/Third_Party/FreeRTOS/Source/timers.o
                0x0000000008009db4                xTimerCreateTimerTask
 .text.xTimerGenericCommand
                0x0000000008009e44       0x9c ./Middlewares/Third_Party/FreeRTOS/Source/timers.o
                0x0000000008009e44                xTimerGenericCommand
 .text.prvProcessExpiredTimer
                0x0000000008009ee0       0x98 ./Middlewares/Third_Party/FreeRTOS/Source/timers.o
 .text.prvTimerTask
                0x0000000008009f78       0x24 ./Middlewares/Third_Party/FreeRTOS/Source/timers.o
 .text.prvProcessTimerOrBlockTask
                0x0000000008009f9c       0x9c ./Middlewares/Third_Party/FreeRTOS/Source/timers.o
 .text.prvGetNextExpireTime
                0x000000000800a038       0x48 ./Middlewares/Third_Party/FreeRTOS/Source/timers.o
 .text.prvSampleTimeNow
                0x000000000800a080       0x40 ./Middlewares/Third_Party/FreeRTOS/Source/timers.o
 .text.prvInsertTimerInActiveList
                0x000000000800a0c0       0x84 ./Middlewares/Third_Party/FreeRTOS/Source/timers.o
 .text.prvProcessReceivedCommands
                0x000000000800a144      0x1c4 ./Middlewares/Third_Party/FreeRTOS/Source/timers.o
 .text.prvSwitchTimerLists
                0x000000000800a308       0xc8 ./Middlewares/Third_Party/FreeRTOS/Source/timers.o
 .text.prvCheckForValidListAndQueue
                0x000000000800a3d0       0x80 ./Middlewares/Third_Party/FreeRTOS/Source/timers.o
 .text.pxPortInitialiseStack
                0x000000000800a450       0x68 ./Middlewares/Third_Party/FreeRTOS/Source/portable/GCC/ARM_CM4F/port.o
                0x000000000800a450                pxPortInitialiseStack
 .text.prvTaskExitError
                0x000000000800a4b8       0x58 ./Middlewares/Third_Party/FreeRTOS/Source/portable/GCC/ARM_CM4F/port.o
 .text.SVC_Handler
                0x000000000800a510       0x28 ./Middlewares/Third_Party/FreeRTOS/Source/portable/GCC/ARM_CM4F/port.o
                0x000000000800a510                SVC_Handler
 .text.prvPortStartFirstTask
                0x000000000800a538       0x28 ./Middlewares/Third_Party/FreeRTOS/Source/portable/GCC/ARM_CM4F/port.o
 .text.xPortStartScheduler
                0x000000000800a560      0x144 ./Middlewares/Third_Party/FreeRTOS/Source/portable/GCC/ARM_CM4F/port.o
                0x000000000800a560                xPortStartScheduler
 .text.vPortEnterCritical
                0x000000000800a6a4       0x60 ./Middlewares/Third_Party/FreeRTOS/Source/portable/GCC/ARM_CM4F/port.o
                0x000000000800a6a4                vPortEnterCritical
 .text.vPortExitCritical
                0x000000000800a704       0x54 ./Middlewares/Third_Party/FreeRTOS/Source/portable/GCC/ARM_CM4F/port.o
                0x000000000800a704                vPortExitCritical
 *fill*         0x000000000800a758        0x8 
 .text.PendSV_Handler
                0x000000000800a760       0x68 ./Middlewares/Third_Party/FreeRTOS/Source/portable/GCC/ARM_CM4F/port.o
                0x000000000800a760                PendSV_Handler
 .text.xPortSysTickHandler
                0x000000000800a7c8       0x44 ./Middlewares/Third_Party/FreeRTOS/Source/portable/GCC/ARM_CM4F/port.o
                0x000000000800a7c8                xPortSysTickHandler
 .text.vPortSetupTimerInterrupt
                0x000000000800a80c       0x48 ./Middlewares/Third_Party/FreeRTOS/Source/portable/GCC/ARM_CM4F/port.o
                0x000000000800a80c                vPortSetupTimerInterrupt
 .text.vPortEnableVFP
                0x000000000800a854       0x14 ./Middlewares/Third_Party/FreeRTOS/Source/portable/GCC/ARM_CM4F/port.o
 .text.vPortValidateInterruptPriority
                0x000000000800a868       0x80 ./Middlewares/Third_Party/FreeRTOS/Source/portable/GCC/ARM_CM4F/port.o
                0x000000000800a868                vPortValidateInterruptPriority
 .text.pvPortMalloc
                0x000000000800a8e8      0x198 ./Middlewares/Third_Party/FreeRTOS/Source/portable/MemMang/heap_4.o
                0x000000000800a8e8                pvPortMalloc
 .text.vPortFree
                0x000000000800aa80       0xc4 ./Middlewares/Third_Party/FreeRTOS/Source/portable/MemMang/heap_4.o
                0x000000000800aa80                vPortFree
 .text.prvHeapInit
                0x000000000800ab44       0xc4 ./Middlewares/Third_Party/FreeRTOS/Source/portable/MemMang/heap_4.o
 .text.prvInsertBlockIntoFreeList
                0x000000000800ac08       0xb4 ./Middlewares/Third_Party/FreeRTOS/Source/portable/MemMang/heap_4.o
 .text.__cvt    0x000000000800acbc       0xc4 /opt/st/stm32cubeide_1.13.0/plugins/com.st.stm32cube.ide.mcu.externaltools.gnu-tools-for-stm32.11.3.rel1.linux64_1.1.0.202305231506/tools/bin/../lib/gcc/arm-none-eabi/11.3.1/../../../../arm-none-eabi/lib/thumb/v7e-m+fp/hard/libc_nano.a(libc_a-nano-vfprintf_float.o)
                0x000000000800acbc                __cvt
 .text.__exponent
                0x000000000800ad80       0x7c /opt/st/stm32cubeide_1.13.0/plugins/com.st.stm32cube.ide.mcu.externaltools.gnu-tools-for-stm32.11.3.rel1.linux64_1.1.0.202305231506/tools/bin/../lib/gcc/arm-none-eabi/11.3.1/../../../../arm-none-eabi/lib/thumb/v7e-m+fp/hard/libc_nano.a(libc_a-nano-vfprintf_float.o)
                0x000000000800ad80                __exponent
 .text._printf_float
                0x000000000800adfc      0x46c /opt/st/stm32cubeide_1.13.0/plugins/com.st.stm32cube.ide.mcu.externaltools.gnu-tools-for-stm32.11.3.rel1.linux64_1.1.0.202305231506/tools/bin/../lib/gcc/arm-none-eabi/11.3.1/../../../../arm-none-eabi/lib/thumb/v7e-m+fp/hard/libc_nano.a(libc_a-nano-vfprintf_float.o)
                0x000000000800adfc                _printf_float
 .text._printf_common
                0x000000000800b268       0xda /opt/st/stm32cubeide_1.13.0/plugins/com.st.stm32cube.ide.mcu.externaltools.gnu-tools-for-stm32.11.3.rel1.linux64_1.1.0.202305231506/tools/bin/../lib/gcc/arm-none-eabi/11.3.1/../../../../arm-none-eabi/lib/thumb/v7e-m+fp/hard/libc_nano.a(libc_a-nano-vfprintf_i.o)
                0x000000000800b268                _printf_common
 *fill*         0x000000000800b342        0x2 
 .text._printf_i
                0x000000000800b344      0x244 /opt/st/stm32cubeide_1.13.0/plugins/com.st.stm32cube.ide.mcu.externaltools.gnu-tools-for-stm32.11.3.rel1.linux64_1.1.0.202305231506/tools/bin/../lib/gcc/arm-none-eabi/11.3.1/../../../../arm-none-eabi/lib/thumb/v7e-m+fp/hard/libc_nano.a(libc_a-nano-vfprintf_i.o)
                0x000000000800b344                _printf_i
 .text._scanf_float
                0x000000000800b588      0x420 /opt/st/stm32cubeide_1.13.0/plugins/com.st.stm32cube.ide.mcu.externaltools.gnu-tools-for-stm32.11.3.rel1.linux64_1.1.0.202305231506/tools/bin/../lib/gcc/arm-none-eabi/11.3.1/../../../../arm-none-eabi/lib/thumb/v7e-m+fp/hard/libc_nano.a(libc_a-nano-vfscanf_float.o)
                0x000000000800b588                _scanf_float
 .text.std      0x000000000800b9a8       0x48 /opt/st/stm32cubeide_1.13.0/plugins/com.st.stm32cube.ide.mcu.externaltools.gnu-tools-for-stm32.11.3.rel1.linux64_1.1.0.202305231506/tools/bin/../lib/gcc/arm-none-eabi/11.3.1/../../../../arm-none-eabi/lib/thumb/v7e-m+fp/hard/libc_nano.a(libc_a-findfp.o)
 .text.stdio_exit_handler
                0x000000000800b9f0       0x18 /opt/st/stm32cubeide_1.13.0/plugins/com.st.stm32cube.ide.mcu.externaltools.gnu-tools-for-stm32.11.3.rel1.linux64_1.1.0.202305231506/tools/bin/../lib/gcc/arm-none-eabi/11.3.1/../../../../arm-none-eabi/lib/thumb/v7e-m+fp/hard/libc_nano.a(libc_a-findfp.o)
 .text.cleanup_stdio
                0x000000000800ba08       0x40 /opt/st/stm32cubeide_1.13.0/plugins/com.st.stm32cube.ide.mcu.externaltools.gnu-tools-for-stm32.11.3.rel1.linux64_1.1.0.202305231506/tools/bin/../lib/gcc/arm-none-eabi/11.3.1/../../../../arm-none-eabi/lib/thumb/v7e-m+fp/hard/libc_nano.a(libc_a-findfp.o)
 .text.global_stdio_init.part.0
                0x000000000800ba48       0x3c /opt/st/stm32cubeide_1.13.0/plugins/com.st.stm32cube.ide.mcu.externaltools.gnu-tools-for-stm32.11.3.rel1.linux64_1.1.0.202305231506/tools/bin/../lib/gcc/arm-none-eabi/11.3.1/../../../../arm-none-eabi/lib/thumb/v7e-m+fp/hard/libc_nano.a(libc_a-findfp.o)
 .text.__sfp_lock_acquire
                0x000000000800ba84        0xc /opt/st/stm32cubeide_1.13.0/plugins/com.st.stm32cube.ide.mcu.externaltools.gnu-tools-for-stm32.11.3.rel1.linux64_1.1.0.202305231506/tools/bin/../lib/gcc/arm-none-eabi/11.3.1/../../../../arm-none-eabi/lib/thumb/v7e-m+fp/hard/libc_nano.a(libc_a-findfp.o)
                0x000000000800ba84                __sfp_lock_acquire
 .text.__sfp_lock_release
                0x000000000800ba90        0xc /opt/st/stm32cubeide_1.13.0/plugins/com.st.stm32cube.ide.mcu.externaltools.gnu-tools-for-stm32.11.3.rel1.linux64_1.1.0.202305231506/tools/bin/../lib/gcc/arm-none-eabi/11.3.1/../../../../arm-none-eabi/lib/thumb/v7e-m+fp/hard/libc_nano.a(libc_a-findfp.o)
                0x000000000800ba90                __sfp_lock_release
 .text.__sinit  0x000000000800ba9c       0x30 /opt/st/stm32cubeide_1.13.0/plugins/com.st.stm32cube.ide.mcu.externaltools.gnu-tools-for-stm32.11.3.rel1.linux64_1.1.0.202305231506/tools/bin/../lib/gcc/arm-none-eabi/11.3.1/../../../../arm-none-eabi/lib/thumb/v7e-m+fp/hard/libc_nano.a(libc_a-findfp.o)
                0x000000000800ba9c                __sinit
 .text._fwalk_sglue
                0x000000000800bacc       0x3c /opt/st/stm32cubeide_1.13.0/plugins/com.st.stm32cube.ide.mcu.externaltools.gnu-tools-for-stm32.11.3.rel1.linux64_1.1.0.202305231506/tools/bin/../lib/gcc/arm-none-eabi/11.3.1/../../../../arm-none-eabi/lib/thumb/v7e-m+fp/hard/libc_nano.a(libc_a-fwalk.o)
                0x000000000800bacc                _fwalk_sglue
 .text.sprintf  0x000000000800bb08       0x40 /opt/st/stm32cubeide_1.13.0/plugins/com.st.stm32cube.ide.mcu.externaltools.gnu-tools-for-stm32.11.3.rel1.linux64_1.1.0.202305231506/tools/bin/../lib/gcc/arm-none-eabi/11.3.1/../../../../arm-none-eabi/lib/thumb/v7e-m+fp/hard/libc_nano.a(libc_a-sprintf.o)
                0x000000000800bb08                sprintf
                0x000000000800bb08                siprintf
 .text.__sread  0x000000000800bb48       0x22 /opt/st/stm32cubeide_1.13.0/plugins/com.st.stm32cube.ide.mcu.externaltools.gnu-tools-for-stm32.11.3.rel1.linux64_1.1.0.202305231506/tools/bin/../lib/gcc/arm-none-eabi/11.3.1/../../../../arm-none-eabi/lib/thumb/v7e-m+fp/hard/libc_nano.a(libc_a-stdio.o)
                0x000000000800bb48                __sread
 .text.__swrite
                0x000000000800bb6a       0x38 /opt/st/stm32cubeide_1.13.0/plugins/com.st.stm32cube.ide.mcu.externaltools.gnu-tools-for-stm32.11.3.rel1.linux64_1.1.0.202305231506/tools/bin/../lib/gcc/arm-none-eabi/11.3.1/../../../../arm-none-eabi/lib/thumb/v7e-m+fp/hard/libc_nano.a(libc_a-stdio.o)
                0x000000000800bb6a                __swrite
 .text.__sseek  0x000000000800bba2       0x24 /opt/st/stm32cubeide_1.13.0/plugins/com.st.stm32cube.ide.mcu.externaltools.gnu-tools-for-stm32.11.3.rel1.linux64_1.1.0.202305231506/tools/bin/../lib/gcc/arm-none-eabi/11.3.1/../../../../arm-none-eabi/lib/thumb/v7e-m+fp/hard/libc_nano.a(libc_a-stdio.o)
                0x000000000800bba2                __sseek
 .text.__sclose
                0x000000000800bbc6        0x8 /opt/st/stm32cubeide_1.13.0/plugins/com.st.stm32cube.ide.mcu.externaltools.gnu-tools-for-stm32.11.3.rel1.linux64_1.1.0.202305231506/tools/bin/../lib/gcc/arm-none-eabi/11.3.1/../../../../arm-none-eabi/lib/thumb/v7e-m+fp/hard/libc_nano.a(libc_a-stdio.o)
                0x000000000800bbc6                __sclose
 .text.memset   0x000000000800bbce       0x10 /opt/st/stm32cubeide_1.13.0/plugins/com.st.stm32cube.ide.mcu.externaltools.gnu-tools-for-stm32.11.3.rel1.linux64_1.1.0.202305231506/tools/bin/../lib/gcc/arm-none-eabi/11.3.1/../../../../arm-none-eabi/lib/thumb/v7e-m+fp/hard/libc_nano.a(libc_a-memset.o)
                0x000000000800bbce                memset
 *fill*         0x000000000800bbde        0x2 
 .text._localeconv_r
                0x000000000800bbe0        0x8 /opt/st/stm32cubeide_1.13.0/plugins/com.st.stm32cube.ide.mcu.externaltools.gnu-tools-for-stm32.11.3.rel1.linux64_1.1.0.202305231506/tools/bin/../lib/gcc/arm-none-eabi/11.3.1/../../../../arm-none-eabi/lib/thumb/v7e-m+fp/hard/libc_nano.a(libc_a-localeconv.o)
                0x000000000800bbe0                _localeconv_r
 .text._close_r
                0x000000000800bbe8       0x20 /opt/st/stm32cubeide_1.13.0/plugins/com.st.stm32cube.ide.mcu.externaltools.gnu-tools-for-stm32.11.3.rel1.linux64_1.1.0.202305231506/tools/bin/../lib/gcc/arm-none-eabi/11.3.1/../../../../arm-none-eabi/lib/thumb/v7e-m+fp/hard/libc_nano.a(libc_a-closer.o)
                0x000000000800bbe8                _close_r
 .text._reclaim_reent
                0x000000000800bc08       0xac /opt/st/stm32cubeide_1.13.0/plugins/com.st.stm32cube.ide.mcu.externaltools.gnu-tools-for-stm32.11.3.rel1.linux64_1.1.0.202305231506/tools/bin/../lib/gcc/arm-none-eabi/11.3.1/../../../../arm-none-eabi/lib/thumb/v7e-m+fp/hard/libc_nano.a(libc_a-reent.o)
                0x000000000800bc08                _reclaim_reent
 .text._lseek_r
                0x000000000800bcb4       0x24 /opt/st/stm32cubeide_1.13.0/plugins/com.st.stm32cube.ide.mcu.externaltools.gnu-tools-for-stm32.11.3.rel1.linux64_1.1.0.202305231506/tools/bin/../lib/gcc/arm-none-eabi/11.3.1/../../../../arm-none-eabi/lib/thumb/v7e-m+fp/hard/libc_nano.a(libc_a-lseekr.o)
                0x000000000800bcb4                _lseek_r
 .text._read_r  0x000000000800bcd8       0x24 /opt/st/stm32cubeide_1.13.0/plugins/com.st.stm32cube.ide.mcu.externaltools.gnu-tools-for-stm32.11.3.rel1.linux64_1.1.0.202305231506/tools/bin/../lib/gcc/arm-none-eabi/11.3.1/../../../../arm-none-eabi/lib/thumb/v7e-m+fp/hard/libc_nano.a(libc_a-readr.o)
                0x000000000800bcd8                _read_r
 .text._write_r
                0x000000000800bcfc       0x24 /opt/st/stm32cubeide_1.13.0/plugins/com.st.stm32cube.ide.mcu.externaltools.gnu-tools-for-stm32.11.3.rel1.linux64_1.1.0.202305231506/tools/bin/../lib/gcc/arm-none-eabi/11.3.1/../../../../arm-none-eabi/lib/thumb/v7e-m+fp/hard/libc_nano.a(libc_a-writer.o)
                0x000000000800bcfc                _write_r
 .text.__errno  0x000000000800bd20        0xc /opt/st/stm32cubeide_1.13.0/plugins/com.st.stm32cube.ide.mcu.externaltools.gnu-tools-for-stm32.11.3.rel1.linux64_1.1.0.202305231506/tools/bin/../lib/gcc/arm-none-eabi/11.3.1/../../../../arm-none-eabi/lib/thumb/v7e-m+fp/hard/libc_nano.a(libc_a-errno.o)
                0x000000000800bd20                __errno
 .text.__libc_init_array
                0x000000000800bd2c       0x48 /opt/st/stm32cubeide_1.13.0/plugins/com.st.stm32cube.ide.mcu.externaltools.gnu-tools-for-stm32.11.3.rel1.linux64_1.1.0.202305231506/tools/bin/../lib/gcc/arm-none-eabi/11.3.1/../../../../arm-none-eabi/lib/thumb/v7e-m+fp/hard/libc_nano.a(libc_a-init.o)
                0x000000000800bd2c                __libc_init_array
 .text.__retarget_lock_acquire_recursive
                0x000000000800bd74        0x2 /opt/st/stm32cubeide_1.13.0/plugins/com.st.stm32cube.ide.mcu.externaltools.gnu-tools-for-stm32.11.3.rel1.linux64_1.1.0.202305231506/tools/bin/../lib/gcc/arm-none-eabi/11.3.1/../../../../arm-none-eabi/lib/thumb/v7e-m+fp/hard/libc_nano.a(libc_a-lock.o)
                0x000000000800bd74                __retarget_lock_acquire_recursive
 .text.__retarget_lock_release_recursive
                0x000000000800bd76        0x2 /opt/st/stm32cubeide_1.13.0/plugins/com.st.stm32cube.ide.mcu.externaltools.gnu-tools-for-stm32.11.3.rel1.linux64_1.1.0.202305231506/tools/bin/../lib/gcc/arm-none-eabi/11.3.1/../../../../arm-none-eabi/lib/thumb/v7e-m+fp/hard/libc_nano.a(libc_a-lock.o)
                0x000000000800bd76                __retarget_lock_release_recursive
 .text.memcpy   0x000000000800bd78       0x1c /opt/st/stm32cubeide_1.13.0/plugins/com.st.stm32cube.ide.mcu.externaltools.gnu-tools-for-stm32.11.3.rel1.linux64_1.1.0.202305231506/tools/bin/../lib/gcc/arm-none-eabi/11.3.1/../../../../arm-none-eabi/lib/thumb/v7e-m+fp/hard/libc_nano.a(libc_a-memcpy-stub.o)
                0x000000000800bd78                memcpy
 .text.nanf     0x000000000800bd94        0xc /opt/st/stm32cubeide_1.13.0/plugins/com.st.stm32cube.ide.mcu.externaltools.gnu-tools-for-stm32.11.3.rel1.linux64_1.1.0.202305231506/tools/bin/../lib/gcc/arm-none-eabi/11.3.1/../../../../arm-none-eabi/lib/thumb/v7e-m+fp/hard/libc_nano.a(libm_a-sf_nan.o)
                0x000000000800bd94                nanf
 .text.quorem   0x000000000800bda0      0x110 /opt/st/stm32cubeide_1.13.0/plugins/com.st.stm32cube.ide.mcu.externaltools.gnu-tools-for-stm32.11.3.rel1.linux64_1.1.0.202305231506/tools/bin/../lib/gcc/arm-none-eabi/11.3.1/../../../../arm-none-eabi/lib/thumb/v7e-m+fp/hard/libc_nano.a(libc_a-dtoa.o)
 .text._dtoa_r  0x000000000800beb0      0xbe4 /opt/st/stm32cubeide_1.13.0/plugins/com.st.stm32cube.ide.mcu.externaltools.gnu-tools-for-stm32.11.3.rel1.linux64_1.1.0.202305231506/tools/bin/../lib/gcc/arm-none-eabi/11.3.1/../../../../arm-none-eabi/lib/thumb/v7e-m+fp/hard/libc_nano.a(libc_a-dtoa.o)
                0x000000000800beb0                _dtoa_r
 .text._free_r  0x000000000800ca94       0x98 /opt/st/stm32cubeide_1.13.0/plugins/com.st.stm32cube.ide.mcu.externaltools.gnu-tools-for-stm32.11.3.rel1.linux64_1.1.0.202305231506/tools/bin/../lib/gcc/arm-none-eabi/11.3.1/../../../../arm-none-eabi/lib/thumb/v7e-m+fp/hard/libc_nano.a(libc_a-freer.o)
                0x000000000800ca94                _free_r
 .text.malloc   0x000000000800cb2c       0x10 /opt/st/stm32cubeide_1.13.0/plugins/com.st.stm32cube.ide.mcu.externaltools.gnu-tools-for-stm32.11.3.rel1.linux64_1.1.0.202305231506/tools/bin/../lib/gcc/arm-none-eabi/11.3.1/../../../../arm-none-eabi/lib/thumb/v7e-m+fp/hard/libc_nano.a(libc_a-malloc.o)
                0x000000000800cb2c                malloc
 .text.sbrk_aligned
                0x000000000800cb3c       0x40 /opt/st/stm32cubeide_1.13.0/plugins/com.st.stm32cube.ide.mcu.externaltools.gnu-tools-for-stm32.11.3.rel1.linux64_1.1.0.202305231506/tools/bin/../lib/gcc/arm-none-eabi/11.3.1/../../../../arm-none-eabi/lib/thumb/v7e-m+fp/hard/libc_nano.a(libc_a-mallocr.o)
 .text._malloc_r
                0x000000000800cb7c      0x100 /opt/st/stm32cubeide_1.13.0/plugins/com.st.stm32cube.ide.mcu.externaltools.gnu-tools-for-stm32.11.3.rel1.linux64_1.1.0.202305231506/tools/bin/../lib/gcc/arm-none-eabi/11.3.1/../../../../arm-none-eabi/lib/thumb/v7e-m+fp/hard/libc_nano.a(libc_a-mallocr.o)
                0x000000000800cb7c                _malloc_r
 .text.__malloc_lock
                0x000000000800cc7c        0xc /opt/st/stm32cubeide_1.13.0/plugins/com.st.stm32cube.ide.mcu.externaltools.gnu-tools-for-stm32.11.3.rel1.linux64_1.1.0.202305231506/tools/bin/../lib/gcc/arm-none-eabi/11.3.1/../../../../arm-none-eabi/lib/thumb/v7e-m+fp/hard/libc_nano.a(libc_a-mlock.o)
                0x000000000800cc7c                __malloc_lock
 .text.__malloc_unlock
                0x000000000800cc88        0xc /opt/st/stm32cubeide_1.13.0/plugins/com.st.stm32cube.ide.mcu.externaltools.gnu-tools-for-stm32.11.3.rel1.linux64_1.1.0.202305231506/tools/bin/../lib/gcc/arm-none-eabi/11.3.1/../../../../arm-none-eabi/lib/thumb/v7e-m+fp/hard/libc_nano.a(libc_a-mlock.o)
                0x000000000800cc88                __malloc_unlock
 .text._Balloc  0x000000000800cc94       0x80 /opt/st/stm32cubeide_1.13.0/plugins/com.st.stm32cube.ide.mcu.externaltools.gnu-tools-for-stm32.11.3.rel1.linux64_1.1.0.202305231506/tools/bin/../lib/gcc/arm-none-eabi/11.3.1/../../../../arm-none-eabi/lib/thumb/v7e-m+fp/hard/libc_nano.a(libc_a-mprec.o)
                0x000000000800cc94                _Balloc
 .text._Bfree   0x000000000800cd14       0x44 /opt/st/stm32cubeide_1.13.0/plugins/com.st.stm32cube.ide.mcu.externaltools.gnu-tools-for-stm32.11.3.rel1.linux64_1.1.0.202305231506/tools/bin/../lib/gcc/arm-none-eabi/11.3.1/../../../../arm-none-eabi/lib/thumb/v7e-m+fp/hard/libc_nano.a(libc_a-mprec.o)
                0x000000000800cd14                _Bfree
 .text.__multadd
                0x000000000800cd58       0x8c /opt/st/stm32cubeide_1.13.0/plugins/com.st.stm32cube.ide.mcu.externaltools.gnu-tools-for-stm32.11.3.rel1.linux64_1.1.0.202305231506/tools/bin/../lib/gcc/arm-none-eabi/11.3.1/../../../../arm-none-eabi/lib/thumb/v7e-m+fp/hard/libc_nano.a(libc_a-mprec.o)
                0x000000000800cd58                __multadd
 .text.__s2b    0x000000000800cde4       0x94 /opt/st/stm32cubeide_1.13.0/plugins/com.st.stm32cube.ide.mcu.externaltools.gnu-tools-for-stm32.11.3.rel1.linux64_1.1.0.202305231506/tools/bin/../lib/gcc/arm-none-eabi/11.3.1/../../../../arm-none-eabi/lib/thumb/v7e-m+fp/hard/libc_nano.a(libc_a-mprec.o)
                0x000000000800cde4                __s2b
 .text.__hi0bits
                0x000000000800ce78       0x40 /opt/st/stm32cubeide_1.13.0/plugins/com.st.stm32cube.ide.mcu.externaltools.gnu-tools-for-stm32.11.3.rel1.linux64_1.1.0.202305231506/tools/bin/../lib/gcc/arm-none-eabi/11.3.1/../../../../arm-none-eabi/lib/thumb/v7e-m+fp/hard/libc_nano.a(libc_a-mprec.o)
                0x000000000800ce78                __hi0bits
 .text.__lo0bits
                0x000000000800ceb8       0x5a /opt/st/stm32cubeide_1.13.0/plugins/com.st.stm32cube.ide.mcu.externaltools.gnu-tools-for-stm32.11.3.rel1.linux64_1.1.0.202305231506/tools/bin/../lib/gcc/arm-none-eabi/11.3.1/../../../../arm-none-eabi/lib/thumb/v7e-m+fp/hard/libc_nano.a(libc_a-mprec.o)
                0x000000000800ceb8                __lo0bits
 *fill*         0x000000000800cf12        0x2 
 .text.__i2b    0x000000000800cf14       0x2c /opt/st/stm32cubeide_1.13.0/plugins/com.st.stm32cube.ide.mcu.externaltools.gnu-tools-for-stm32.11.3.rel1.linux64_1.1.0.202305231506/tools/bin/../lib/gcc/arm-none-eabi/11.3.1/../../../../arm-none-eabi/lib/thumb/v7e-m+fp/hard/libc_nano.a(libc_a-mprec.o)
                0x000000000800cf14                __i2b
 .text.__multiply
                0x000000000800cf40      0x154 /opt/st/stm32cubeide_1.13.0/plugins/com.st.stm32cube.ide.mcu.externaltools.gnu-tools-for-stm32.11.3.rel1.linux64_1.1.0.202305231506/tools/bin/../lib/gcc/arm-none-eabi/11.3.1/../../../../arm-none-eabi/lib/thumb/v7e-m+fp/hard/libc_nano.a(libc_a-mprec.o)
                0x000000000800cf40                __multiply
 .text.__pow5mult
                0x000000000800d094       0xb4 /opt/st/stm32cubeide_1.13.0/plugins/com.st.stm32cube.ide.mcu.externaltools.gnu-tools-for-stm32.11.3.rel1.linux64_1.1.0.202305231506/tools/bin/../lib/gcc/arm-none-eabi/11.3.1/../../../../arm-none-eabi/lib/thumb/v7e-m+fp/hard/libc_nano.a(libc_a-mprec.o)
                0x000000000800d094                __pow5mult
 .text.__lshift
                0x000000000800d148       0xd8 /opt/st/stm32cubeide_1.13.0/plugins/com.st.stm32cube.ide.mcu.externaltools.gnu-tools-for-stm32.11.3.rel1.linux64_1.1.0.202305231506/tools/bin/../lib/gcc/arm-none-eabi/11.3.1/../../../../arm-none-eabi/lib/thumb/v7e-m+fp/hard/libc_nano.a(libc_a-mprec.o)
                0x000000000800d148                __lshift
 .text.__mcmp   0x000000000800d220       0x38 /opt/st/stm32cubeide_1.13.0/plugins/com.st.stm32cube.ide.mcu.externaltools.gnu-tools-for-stm32.11.3.rel1.linux64_1.1.0.202305231506/tools/bin/../lib/gcc/arm-none-eabi/11.3.1/../../../../arm-none-eabi/lib/thumb/v7e-m+fp/hard/libc_nano.a(libc_a-mprec.o)
                0x000000000800d220                __mcmp
 .text.__mdiff  0x000000000800d258      0x114 /opt/st/stm32cubeide_1.13.0/plugins/com.st.stm32cube.ide.mcu.externaltools.gnu-tools-for-stm32.11.3.rel1.linux64_1.1.0.202305231506/tools/bin/../lib/gcc/arm-none-eabi/11.3.1/../../../../arm-none-eabi/lib/thumb/v7e-m+fp/hard/libc_nano.a(libc_a-mprec.o)
                0x000000000800d258                __mdiff
 .text.__ulp    0x000000000800d36c       0x4c /opt/st/stm32cubeide_1.13.0/plugins/com.st.stm32cube.ide.mcu.externaltools.gnu-tools-for-stm32.11.3.rel1.linux64_1.1.0.202305231506/tools/bin/../lib/gcc/arm-none-eabi/11.3.1/../../../../arm-none-eabi/lib/thumb/v7e-m+fp/hard/libc_nano.a(libc_a-mprec.o)
                0x000000000800d36c                __ulp
 .text.__b2d    0x000000000800d3b8       0x94 /opt/st/stm32cubeide_1.13.0/plugins/com.st.stm32cube.ide.mcu.externaltools.gnu-tools-for-stm32.11.3.rel1.linux64_1.1.0.202305231506/tools/bin/../lib/gcc/arm-none-eabi/11.3.1/../../../../arm-none-eabi/lib/thumb/v7e-m+fp/hard/libc_nano.a(libc_a-mprec.o)
                0x000000000800d3b8                __b2d
 .text.__d2b    0x000000000800d44c       0xb4 /opt/st/stm32cubeide_1.13.0/plugins/com.st.stm32cube.ide.mcu.externaltools.gnu-tools-for-stm32.11.3.rel1.linux64_1.1.0.202305231506/tools/bin/../lib/gcc/arm-none-eabi/11.3.1/../../../../arm-none-eabi/lib/thumb/v7e-m+fp/hard/libc_nano.a(libc_a-mprec.o)
                0x000000000800d44c                __d2b
 .text.__ratio  0x000000000800d500       0x66 /opt/st/stm32cubeide_1.13.0/plugins/com.st.stm32cube.ide.mcu.externaltools.gnu-tools-for-stm32.11.3.rel1.linux64_1.1.0.202305231506/tools/bin/../lib/gcc/arm-none-eabi/11.3.1/../../../../arm-none-eabi/lib/thumb/v7e-m+fp/hard/libc_nano.a(libc_a-mprec.o)
                0x000000000800d500                __ratio
 .text.__copybits
                0x000000000800d566       0x46 /opt/st/stm32cubeide_1.13.0/plugins/com.st.stm32cube.ide.mcu.externaltools.gnu-tools-for-stm32.11.3.rel1.linux64_1.1.0.202305231506/tools/bin/../lib/gcc/arm-none-eabi/11.3.1/../../../../arm-none-eabi/lib/thumb/v7e-m+fp/hard/libc_nano.a(libc_a-mprec.o)
                0x000000000800d566                __copybits
 .text.__any_on
                0x000000000800d5ac       0x42 /opt/st/stm32cubeide_1.13.0/plugins/com.st.stm32cube.ide.mcu.externaltools.gnu-tools-for-stm32.11.3.rel1.linux64_1.1.0.202305231506/tools/bin/../lib/gcc/arm-none-eabi/11.3.1/../../../../arm-none-eabi/lib/thumb/v7e-m+fp/hard/libc_nano.a(libc_a-mprec.o)
                0x000000000800d5ac                __any_on
 .text.sulp     0x000000000800d5ee       0x38 /opt/st/stm32cubeide_1.13.0/plugins/com.st.stm32cube.ide.mcu.externaltools.gnu-tools-for-stm32.11.3.rel1.linux64_1.1.0.202305231506/tools/bin/../lib/gcc/arm-none-eabi/11.3.1/../../../../arm-none-eabi/lib/thumb/v7e-m+fp/hard/libc_nano.a(libc_a-strtod.o)
 *fill*         0x000000000800d626        0x2 
 .text._strtod_l
                0x000000000800d628      0xbe0 /opt/st/stm32cubeide_1.13.0/plugins/com.st.stm32cube.ide.mcu.externaltools.gnu-tools-for-stm32.11.3.rel1.linux64_1.1.0.202305231506/tools/bin/../lib/gcc/arm-none-eabi/11.3.1/../../../../arm-none-eabi/lib/thumb/v7e-m+fp/hard/libc_nano.a(libc_a-strtod.o)
                0x000000000800d628                _strtod_l
 .text._strtod_r
                0x000000000800e208        0xc /opt/st/stm32cubeide_1.13.0/plugins/com.st.stm32cube.ide.mcu.externaltools.gnu-tools-for-stm32.11.3.rel1.linux64_1.1.0.202305231506/tools/bin/../lib/gcc/arm-none-eabi/11.3.1/../../../../arm-none-eabi/lib/thumb/v7e-m+fp/hard/libc_nano.a(libc_a-strtod.o)
                0x000000000800e208                _strtod_r
 .text._strtol_l.constprop.0
                0x000000000800e214      0x104 /opt/st/stm32cubeide_1.13.0/plugins/com.st.stm32cube.ide.mcu.externaltools.gnu-tools-for-stm32.11.3.rel1.linux64_1.1.0.202305231506/tools/bin/../lib/gcc/arm-none-eabi/11.3.1/../../../../arm-none-eabi/lib/thumb/v7e-m+fp/hard/libc_nano.a(libc_a-strtol.o)
 .text._strtol_r
                0x000000000800e318        0x4 /opt/st/stm32cubeide_1.13.0/plugins/com.st.stm32cube.ide.mcu.externaltools.gnu-tools-for-stm32.11.3.rel1.linux64_1.1.0.202305231506/tools/bin/../lib/gcc/arm-none-eabi/11.3.1/../../../../arm-none-eabi/lib/thumb/v7e-m+fp/hard/libc_nano.a(libc_a-strtol.o)
                0x000000000800e318                _strtol_r
 .text.__ssputs_r
                0x000000000800e31c       0xb4 /opt/st/stm32cubeide_1.13.0/plugins/com.st.stm32cube.ide.mcu.externaltools.gnu-tools-for-stm32.11.3.rel1.linux64_1.1.0.202305231506/tools/bin/../lib/gcc/arm-none-eabi/11.3.1/../../../../arm-none-eabi/lib/thumb/v7e-m+fp/hard/libc_nano.a(libc_a-nano-svfprintf.o)
                0x000000000800e31c                __ssputs_r
 .text._svfprintf_r
                0x000000000800e3d0      0x1fc /opt/st/stm32cubeide_1.13.0/plugins/com.st.stm32cube.ide.mcu.externaltools.gnu-tools-for-stm32.11.3.rel1.linux64_1.1.0.202305231506/tools/bin/../lib/gcc/arm-none-eabi/11.3.1/../../../../arm-none-eabi/lib/thumb/v7e-m+fp/hard/libc_nano.a(libc_a-nano-svfprintf.o)
                0x000000000800e3d0                _svfprintf_r
                0x000000000800e3d0                _svfiprintf_r
 .text.__sflush_r
                0x000000000800e5cc      0x10c /opt/st/stm32cubeide_1.13.0/plugins/com.st.stm32cube.ide.mcu.externaltools.gnu-tools-for-stm32.11.3.rel1.linux64_1.1.0.202305231506/tools/bin/../lib/gcc/arm-none-eabi/11.3.1/../../../../arm-none-eabi/lib/thumb/v7e-m+fp/hard/libc_nano.a(libc_a-fflush.o)
                0x000000000800e5cc                __sflush_r
 .text._fflush_r
                0x000000000800e6d8       0x50 /opt/st/stm32cubeide_1.13.0/plugins/com.st.stm32cube.ide.mcu.externaltools.gnu-tools-for-stm32.11.3.rel1.linux64_1.1.0.202305231506/tools/bin/../lib/gcc/arm-none-eabi/11.3.1/../../../../arm-none-eabi/lib/thumb/v7e-m+fp/hard/libc_nano.a(libc_a-fflush.o)
                0x000000000800e6d8                _fflush_r
 .text.memmove  0x000000000800e728       0x34 /opt/st/stm32cubeide_1.13.0/plugins/com.st.stm32cube.ide.mcu.externaltools.gnu-tools-for-stm32.11.3.rel1.linux64_1.1.0.202305231506/tools/bin/../lib/gcc/arm-none-eabi/11.3.1/../../../../arm-none-eabi/lib/thumb/v7e-m+fp/hard/libc_nano.a(libc_a-memmove.o)
                0x000000000800e728                memmove
 .text.strncmp  0x000000000800e75c       0x24 /opt/st/stm32cubeide_1.13.0/plugins/com.st.stm32cube.ide.mcu.externaltools.gnu-tools-for-stm32.11.3.rel1.linux64_1.1.0.202305231506/tools/bin/../lib/gcc/arm-none-eabi/11.3.1/../../../../arm-none-eabi/lib/thumb/v7e-m+fp/hard/libc_nano.a(libc_a-strncmp.o)
                0x000000000800e75c                strncmp
 .text._sbrk_r  0x000000000800e780       0x20 /opt/st/stm32cubeide_1.13.0/plugins/com.st.stm32cube.ide.mcu.externaltools.gnu-tools-for-stm32.11.3.rel1.linux64_1.1.0.202305231506/tools/bin/../lib/gcc/arm-none-eabi/11.3.1/../../../../arm-none-eabi/lib/thumb/v7e-m+fp/hard/libc_nano.a(libc_a-sbrkr.o)
                0x000000000800e780                _sbrk_r
 .text.nan      0x000000000800e7a0       0x10 /opt/st/stm32cubeide_1.13.0/plugins/com.st.stm32cube.ide.mcu.externaltools.gnu-tools-for-stm32.11.3.rel1.linux64_1.1.0.202305231506/tools/bin/../lib/gcc/arm-none-eabi/11.3.1/../../../../arm-none-eabi/lib/thumb/v7e-m+fp/hard/libc_nano.a(libm_a-s_nan.o)
                0x000000000800e7a0                nan
 .text.__assert_func
                0x000000000800e7b0       0x3c /opt/st/stm32cubeide_1.13.0/plugins/com.st.stm32cube.ide.mcu.externaltools.gnu-tools-for-stm32.11.3.rel1.linux64_1.1.0.202305231506/tools/bin/../lib/gcc/arm-none-eabi/11.3.1/../../../../arm-none-eabi/lib/thumb/v7e-m+fp/hard/libc_nano.a(libc_a-assert.o)
                0x000000000800e7b0                __assert_func
 .text._calloc_r
                0x000000000800e7ec       0x2c /opt/st/stm32cubeide_1.13.0/plugins/com.st.stm32cube.ide.mcu.externaltools.gnu-tools-for-stm32.11.3.rel1.linux64_1.1.0.202305231506/tools/bin/../lib/gcc/arm-none-eabi/11.3.1/../../../../arm-none-eabi/lib/thumb/v7e-m+fp/hard/libc_nano.a(libc_a-callocr.o)
                0x000000000800e7ec                _calloc_r
 .text.rshift   0x000000000800e818       0xa4 /opt/st/stm32cubeide_1.13.0/plugins/com.st.stm32cube.ide.mcu.externaltools.gnu-tools-for-stm32.11.3.rel1.linux64_1.1.0.202305231506/tools/bin/../lib/gcc/arm-none-eabi/11.3.1/../../../../arm-none-eabi/lib/thumb/v7e-m+fp/hard/libc_nano.a(libc_a-gdtoa-gethex.o)
 .text.__hexdig_fun
                0x000000000800e8bc       0x2a /opt/st/stm32cubeide_1.13.0/plugins/com.st.stm32cube.ide.mcu.externaltools.gnu-tools-for-stm32.11.3.rel1.linux64_1.1.0.202305231506/tools/bin/../lib/gcc/arm-none-eabi/11.3.1/../../../../arm-none-eabi/lib/thumb/v7e-m+fp/hard/libc_nano.a(libc_a-gdtoa-gethex.o)
                0x000000000800e8bc                __hexdig_fun
 *fill*         0x000000000800e8e6        0x2 
 .text.__gethex
                0x000000000800e8e8      0x45c /opt/st/stm32cubeide_1.13.0/plugins/com.st.stm32cube.ide.mcu.externaltools.gnu-tools-for-stm32.11.3.rel1.linux64_1.1.0.202305231506/tools/bin/../lib/gcc/arm-none-eabi/11.3.1/../../../../arm-none-eabi/lib/thumb/v7e-m+fp/hard/libc_nano.a(libc_a-gdtoa-gethex.o)
                0x000000000800e8e8                __gethex
 .text.L_shift  0x000000000800ed44       0x24 /opt/st/stm32cubeide_1.13.0/plugins/com.st.stm32cube.ide.mcu.externaltools.gnu-tools-for-stm32.11.3.rel1.linux64_1.1.0.202305231506/tools/bin/../lib/gcc/arm-none-eabi/11.3.1/../../../../arm-none-eabi/lib/thumb/v7e-m+fp/hard/libc_nano.a(libc_a-gdtoa-hexnan.o)
 .text.__match  0x000000000800ed68       0x28 /opt/st/stm32cubeide_1.13.0/plugins/com.st.stm32cube.ide.mcu.externaltools.gnu-tools-for-stm32.11.3.rel1.linux64_1.1.0.202305231506/tools/bin/../lib/gcc/arm-none-eabi/11.3.1/../../../../arm-none-eabi/lib/thumb/v7e-m+fp/hard/libc_nano.a(libc_a-gdtoa-hexnan.o)
                0x000000000800ed68                __match
 .text.__hexnan
                0x000000000800ed90      0x136 /opt/st/stm32cubeide_1.13.0/plugins/com.st.stm32cube.ide.mcu.externaltools.gnu-tools-for-stm32.11.3.rel1.linux64_1.1.0.202305231506/tools/bin/../lib/gcc/arm-none-eabi/11.3.1/../../../../arm-none-eabi/lib/thumb/v7e-m+fp/hard/libc_nano.a(libc_a-gdtoa-hexnan.o)
                0x000000000800ed90                __hexnan
 .text.__ascii_mbtowc
                0x000000000800eec6       0x24 /opt/st/stm32cubeide_1.13.0/plugins/com.st.stm32cube.ide.mcu.externaltools.gnu-tools-for-stm32.11.3.rel1.linux64_1.1.0.202305231506/tools/bin/../lib/gcc/arm-none-eabi/11.3.1/../../../../arm-none-eabi/lib/thumb/v7e-m+fp/hard/libc_nano.a(libc_a-mbtowc_r.o)
                0x000000000800eec6                __ascii_mbtowc
 .text._realloc_r
                0x000000000800eeea       0x5e /opt/st/stm32cubeide_1.13.0/plugins/com.st.stm32cube.ide.mcu.externaltools.gnu-tools-for-stm32.11.3.rel1.linux64_1.1.0.202305231506/tools/bin/../lib/gcc/arm-none-eabi/11.3.1/../../../../arm-none-eabi/lib/thumb/v7e-m+fp/hard/libc_nano.a(libc_a-reallocr.o)
                0x000000000800eeea                _realloc_r
 .text.__ascii_wctomb
                0x000000000800ef48       0x1a /opt/st/stm32cubeide_1.13.0/plugins/com.st.stm32cube.ide.mcu.externaltools.gnu-tools-for-stm32.11.3.rel1.linux64_1.1.0.202305231506/tools/bin/../lib/gcc/arm-none-eabi/11.3.1/../../../../arm-none-eabi/lib/thumb/v7e-m+fp/hard/libc_nano.a(libc_a-wctomb_r.o)
                0x000000000800ef48                __ascii_wctomb
 *fill*         0x000000000800ef62        0x2 
 .text.fprintf  0x000000000800ef64       0x24 /opt/st/stm32cubeide_1.13.0/plugins/com.st.stm32cube.ide.mcu.externaltools.gnu-tools-for-stm32.11.3.rel1.linux64_1.1.0.202305231506/tools/bin/../lib/gcc/arm-none-eabi/11.3.1/../../../../arm-none-eabi/lib/thumb/v7e-m+fp/hard/libc_nano.a(libc_a-fprintf.o)
                0x000000000800ef64                fprintf
                0x000000000800ef64                fiprintf
 .text.abort    0x000000000800ef88        0xe /opt/st/stm32cubeide_1.13.0/plugins/com.st.stm32cube.ide.mcu.externaltools.gnu-tools-for-stm32.11.3.rel1.linux64_1.1.0.202305231506/tools/bin/../lib/gcc/arm-none-eabi/11.3.1/../../../../arm-none-eabi/lib/thumb/v7e-m+fp/hard/libc_nano.a(libc_a-abort.o)
                0x000000000800ef88                abort
 .text._malloc_usable_size_r
                0x000000000800ef96       0x10 /opt/st/stm32cubeide_1.13.0/plugins/com.st.stm32cube.ide.mcu.externaltools.gnu-tools-for-stm32.11.3.rel1.linux64_1.1.0.202305231506/tools/bin/../lib/gcc/arm-none-eabi/11.3.1/../../../../arm-none-eabi/lib/thumb/v7e-m+fp/hard/libc_nano.a(libc_a-msizer.o)
                0x000000000800ef96                _malloc_usable_size_r
 .text.__sfputc_r
                0x000000000800efa6       0x2e /opt/st/stm32cubeide_1.13.0/plugins/com.st.stm32cube.ide.mcu.externaltools.gnu-tools-for-stm32.11.3.rel1.linux64_1.1.0.202305231506/tools/bin/../lib/gcc/arm-none-eabi/11.3.1/../../../../arm-none-eabi/lib/thumb/v7e-m+fp/hard/libc_nano.a(libc_a-nano-vfprintf.o)
 .text.__sfputs_r
                0x000000000800efd4       0x24 /opt/st/stm32cubeide_1.13.0/plugins/com.st.stm32cube.ide.mcu.externaltools.gnu-tools-for-stm32.11.3.rel1.linux64_1.1.0.202305231506/tools/bin/../lib/gcc/arm-none-eabi/11.3.1/../../../../arm-none-eabi/lib/thumb/v7e-m+fp/hard/libc_nano.a(libc_a-nano-vfprintf.o)
                0x000000000800efd4                __sfputs_r
 .text._vfprintf_r
                0x000000000800eff8      0x234 /opt/st/stm32cubeide_1.13.0/plugins/com.st.stm32cube.ide.mcu.externaltools.gnu-tools-for-stm32.11.3.rel1.linux64_1.1.0.202305231506/tools/bin/../lib/gcc/arm-none-eabi/11.3.1/../../../../arm-none-eabi/lib/thumb/v7e-m+fp/hard/libc_nano.a(libc_a-nano-vfprintf.o)
                0x000000000800eff8                _vfiprintf_r
                0x000000000800eff8                _vfprintf_r
 .text.__swbuf_r
                0x000000000800f22c       0x7a /opt/st/stm32cubeide_1.13.0/plugins/com.st.stm32cube.ide.mcu.externaltools.gnu-tools-for-stm32.11.3.rel1.linux64_1.1.0.202305231506/tools/bin/../lib/gcc/arm-none-eabi/11.3.1/../../../../arm-none-eabi/lib/thumb/v7e-m+fp/hard/libc_nano.a(libc_a-wbuf.o)
                0x000000000800f22c                __swbuf_r
 *fill*         0x000000000800f2a6        0x2 
 .text.__swsetup_r
                0x000000000800f2a8       0xb0 /opt/st/stm32cubeide_1.13.0/plugins/com.st.stm32cube.ide.mcu.externaltools.gnu-tools-for-stm32.11.3.rel1.linux64_1.1.0.202305231506/tools/bin/../lib/gcc/arm-none-eabi/11.3.1/../../../../arm-none-eabi/lib/thumb/v7e-m+fp/hard/libc_nano.a(libc_a-wsetup.o)
                0x000000000800f2a8                __swsetup_r
 .text._raise_r
                0x000000000800f358       0x50 /opt/st/stm32cubeide_1.13.0/plugins/com.st.stm32cube.ide.mcu.externaltools.gnu-tools-for-stm32.11.3.rel1.linux64_1.1.0.202305231506/tools/bin/../lib/gcc/arm-none-eabi/11.3.1/../../../../arm-none-eabi/lib/thumb/v7e-m+fp/hard/libc_nano.a(libc_a-signal.o)
                0x000000000800f358                _raise_r
 .text.raise    0x000000000800f3a8       0x10 /opt/st/stm32cubeide_1.13.0/plugins/com.st.stm32cube.ide.mcu.externaltools.gnu-tools-for-stm32.11.3.rel1.linux64_1.1.0.202305231506/tools/bin/../lib/gcc/arm-none-eabi/11.3.1/../../../../arm-none-eabi/lib/thumb/v7e-m+fp/hard/libc_nano.a(libc_a-signal.o)
                0x000000000800f3a8                raise
 .text._kill_r  0x000000000800f3b8       0x24 /opt/st/stm32cubeide_1.13.0/plugins/com.st.stm32cube.ide.mcu.externaltools.gnu-tools-for-stm32.11.3.rel1.linux64_1.1.0.202305231506/tools/bin/../lib/gcc/arm-none-eabi/11.3.1/../../../../arm-none-eabi/lib/thumb/v7e-m+fp/hard/libc_nano.a(libc_a-signalr.o)
                0x000000000800f3b8                _kill_r
 .text._getpid_r
                0x000000000800f3dc        0x4 /opt/st/stm32cubeide_1.13.0/plugins/com.st.stm32cube.ide.mcu.externaltools.gnu-tools-for-stm32.11.3.rel1.linux64_1.1.0.202305231506/tools/bin/../lib/gcc/arm-none-eabi/11.3.1/../../../../arm-none-eabi/lib/thumb/v7e-m+fp/hard/libc_nano.a(libc_a-signalr.o)
                0x000000000800f3dc                _getpid_r
 .text.__swhatbuf_r
                0x000000000800f3e0       0x4c /opt/st/stm32cubeide_1.13.0/plugins/com.st.stm32cube.ide.mcu.externaltools.gnu-tools-for-stm32.11.3.rel1.linux64_1.1.0.202305231506/tools/bin/../lib/gcc/arm-none-eabi/11.3.1/../../../../arm-none-eabi/lib/thumb/v7e-m+fp/hard/libc_nano.a(libc_a-makebuf.o)
                0x000000000800f3e0                __swhatbuf_r
 .text.__smakebuf_r
                0x000000000800f42c       0x78 /opt/st/stm32cubeide_1.13.0/plugins/com.st.stm32cube.ide.mcu.externaltools.gnu-tools-for-stm32.11.3.rel1.linux64_1.1.0.202305231506/tools/bin/../lib/gcc/arm-none-eabi/11.3.1/../../../../arm-none-eabi/lib/thumb/v7e-m+fp/hard/libc_nano.a(libc_a-makebuf.o)
                0x000000000800f42c                __smakebuf_r
 .text._fstat_r
                0x000000000800f4a4       0x24 /opt/st/stm32cubeide_1.13.0/plugins/com.st.stm32cube.ide.mcu.externaltools.gnu-tools-for-stm32.11.3.rel1.linux64_1.1.0.202305231506/tools/bin/../lib/gcc/arm-none-eabi/11.3.1/../../../../arm-none-eabi/lib/thumb/v7e-m+fp/hard/libc_nano.a(libc_a-fstatr.o)
                0x000000000800f4a4                _fstat_r
 .text._isatty_r